Component: ARM Compiler 5.06 update 6 (build 750) Tool: armlink [4d35ed]

==============================================================================

Section Cross References

    main.o(i.main) refers to thread.o(i.rt_thread_mdelay) for rt_thread_mdelay
    main.o(i.main) refers to thread.o(i.rt_thread_create) for rt_thread_create
    main.o(i.main) refers to thread.o(i.rt_thread_startup) for rt_thread_startup
    main.o(i.main) refers to timer.o(i.rt_timer_init) for rt_timer_init
    main.o(i.main) refers to timer.o(i.rt_timer_start) for rt_timer_start
    main.o(i.main) refers to app_thread.o(i.thread_entry1) for thread_entry1
    main.o(i.main) refers to main.o(.data) for tid
    main.o(i.main) refers to app_thread.o(i.thread_entry2) for thread_entry2
    main.o(i.main) refers to app_thread.o(i.thread_entry3) for thread_entry3
    main.o(i.main) refers to app_thread.o(i.timeout1) for timeout1
    main.o(i.main) refers to main.o(.bss) for timer1
    main.o(i.printf_text) refers to _printf_percent.o(.ARM.Collect$$_printf_percent$$00000000) for _printf_percent
    main.o(i.printf_text) refers to _printf_d.o(.ARM.Collect$$_printf_percent$$00000009) for _printf_d
    main.o(i.printf_text) refers to _printf_dec.o(.text) for _printf_int_dec
    main.o(i.printf_text) refers to _printf_f.o(.ARM.Collect$$_printf_percent$$00000003) for _printf_f
    main.o(i.printf_text) refers to printf1.o(x$fpl$printf1) for _printf_fp_dec
    main.o(i.printf_text) refers to board.o(i.return_int) for return_int
    main.o(i.printf_text) refers to noretval__2printf.o(.text) for __2printf
    main.o(i.printf_text) refers to board.o(i.return_float) for return_float
    main.o(i.printf_text) refers to f2d.o(x$fpl$f2d) for __aeabi_f2d
    main.o(i.printf_text) refers to thread.o(i.rt_thread_mdelay) for rt_thread_mdelay
    main.o(FSymTab) refers to main.o(.rodata.name) for __fsym___cmd_printf_text_name
    main.o(FSymTab) refers to main.o(i.printf_text) for printf_text
    board.o(i.NVIC_Configuration) refers to misc.o(i.NVIC_PriorityGroupConfig) for NVIC_PriorityGroupConfig
    board.o(i.NVIC_Configuration) refers to misc.o(i.NVIC_Init) for NVIC_Init
    board.o(i.SysTick_Handler) refers to irq.o(i.rt_interrupt_enter) for rt_interrupt_enter
    board.o(i.SysTick_Handler) refers to clock.o(i.rt_tick_increase) for rt_tick_increase
    board.o(i.SysTick_Handler) refers to irq.o(i.rt_interrupt_leave) for rt_interrupt_leave
    board.o(i.USART3_Config) refers to board.o(i.rt_ringbuffer_init) for rt_ringbuffer_init
    board.o(i.USART3_Config) refers to ipc.o(i.rt_sem_init) for rt_sem_init
    board.o(i.USART3_Config) refers to stm32f4xx_rcc.o(i.RCC_AHB1PeriphClockCmd) for RCC_AHB1PeriphClockCmd
    board.o(i.USART3_Config) refers to stm32f4xx_rcc.o(i.RCC_APB1PeriphClockCmd) for RCC_APB1PeriphClockCmd
    board.o(i.USART3_Config) refers to stm32f4xx_gpio.o(i.GPIO_PinAFConfig) for GPIO_PinAFConfig
    board.o(i.USART3_Config) refers to stm32f4xx_gpio.o(i.GPIO_Init) for GPIO_Init
    board.o(i.USART3_Config) refers to stm32f4xx_usart.o(i.USART_DeInit) for USART_DeInit
    board.o(i.USART3_Config) refers to stm32f4xx_usart.o(i.USART_Init) for USART_Init
    board.o(i.USART3_Config) refers to stm32f4xx_usart.o(i.USART_ITConfig) for USART_ITConfig
    board.o(i.USART3_Config) refers to stm32f4xx_usart.o(i.USART_Cmd) for USART_Cmd
    board.o(i.USART3_Config) refers to board.o(.bss) for uart_rx_buf
    board.o(i.USART3_IRQHandler) refers to irq.o(i.rt_interrupt_enter) for rt_interrupt_enter
    board.o(i.USART3_IRQHandler) refers to stm32f4xx_usart.o(i.USART_GetITStatus) for USART_GetITStatus
    board.o(i.USART3_IRQHandler) refers to stm32f4xx_usart.o(i.USART_GetFlagStatus) for USART_GetFlagStatus
    board.o(i.USART3_IRQHandler) refers to stm32f4xx_usart.o(i.USART_ReceiveData) for USART_ReceiveData
    board.o(i.USART3_IRQHandler) refers to board.o(i.rt_ringbuffer_putchar) for rt_ringbuffer_putchar
    board.o(i.USART3_IRQHandler) refers to ipc.o(i.rt_sem_release) for rt_sem_release
    board.o(i.USART3_IRQHandler) refers to irq.o(i.rt_interrupt_leave) for rt_interrupt_leave
    board.o(i.USART3_IRQHandler) refers to board.o(.bss) for uart_rxcb
    board.o(i.return_float) refers to atof.o(i.__hardfp_atof) for __hardfp_atof
    board.o(i.return_float) refers to d2f.o(x$fpl$d2f) for __aeabi_d2f
    board.o(i.return_int) refers to atoi.o(.text) for atoi
    board.o(i.rt_hw_board_init) refers to system_stm32f4xx.o(i.SystemCoreClockUpdate) for SystemCoreClockUpdate
    board.o(i.rt_hw_board_init) refers to board.o(i._SysTick_Config) for _SysTick_Config
    board.o(i.rt_hw_board_init) refers to mem.o(i.rt_system_heap_init) for rt_system_heap_init
    board.o(i.rt_hw_board_init) refers to components.o(i.rt_components_board_init) for rt_components_board_init
    board.o(i.rt_hw_board_init) refers to board.o(i.USART3_Config) for USART3_Config
    board.o(i.rt_hw_board_init) refers to board.o(i.NVIC_Configuration) for NVIC_Configuration
[...]
    USART_Init                               0x08004885   Thumb Code   204  stm32f4xx_usart.o(i.USART_Init)
    USART_ReceiveData                        0x08004959   Thumb Code    10  stm32f4xx_usart.o(i.USART_ReceiveData)
    USART_SendData                           0x08004963   Thumb Code     8  stm32f4xx_usart.o(i.USART_SendData)
    UsageFault_Handler                       0x0800496b   Thumb Code     4  stm32f4xx_it.o(i.UsageFault_Handler)
    __ARM_fpclassify                         0x080049a1   Thumb Code    48  fpclassify.o(i.__ARM_fpclassify)
    __ARM_fpclassifyf                        0x080049d1   Thumb Code    38  fpclassifyf.o(i.__ARM_fpclassifyf)
    __hardfp___mathlib_tofloat               0x080049f9   Thumb Code   232  narrow.o(i.__hardfp___mathlib_tofloat)
    __hardfp_atan2f                          0x08004af1   Thumb Code   502  atan2f.o(i.__hardfp_atan2f)
    __hardfp_atof                            0x08004d41   Thumb Code    44  atof.o(i.__hardfp_atof)
    __hardfp_ldexp                           0x08004d79   Thumb Code   200  ldexp.o(i.__hardfp_ldexp)
    __mathlib_dbl_overflow                   0x08004e49   Thumb Code    24  dunder.o(i.__mathlib_dbl_overflow)
    __mathlib_dbl_underflow                  0x08004e69   Thumb Code    24  dunder.o(i.__mathlib_dbl_underflow)
    __mathlib_flt_infnan2                    0x08004e89   Thumb Code     6  funder.o(i.__mathlib_flt_infnan2)
    __mathlib_flt_underflow                  0x08004e91   Thumb Code    10  funder.o(i.__mathlib_flt_underflow)
    __mathlib_narrow                         0x08004ea1   Thumb Code    18  narrow.o(i.__mathlib_narrow)
    __rt_ffs                                 0x08004eb5   Thumb Code    70  kservice.o(i.__rt_ffs)
    __support_ldexp                          0x08004f01   Thumb Code    20  ldexp.o(i.__support_ldexp)
    _is_digit                                0x08004f3d   Thumb Code    14  __printf_wp.o(i._is_digit)
    _sys_exit                                0x080051d7   Thumb Code     4  driver_usart.o(i._sys_exit)
    buffer_append_int32                      0x08005225   Thumb Code    46  comm_can_sent_bldc.o(i.buffer_append_int32)
    buffer_get_int16                         0x08005253   Thumb Code    28  comm_can_sent_bldc.o(i.buffer_get_int16)
    buffer_get_int32                         0x0800526f   Thumb Code    48  comm_can_sent_bldc.o(i.buffer_get_int32)
    cmd_free                                 0x08005431   Thumb Code    14  msh.o(i.cmd_free)
    cmd_ps                                   0x0800543f   Thumb Code    14  msh.o(i.cmd_ps)
    comm_can_set_rpm                         0x0800544d   Thumb Code    56  comm_can_sent_bldc.o(i.comm_can_set_rpm)
    comm_can_transmit_eid                    0x08005485   Thumb Code    72  comm_can_sent_bldc.o(i.comm_can_transmit_eid)
    finsh_get_prompt                         0x080054cd   Thumb Code    84  shell.o(i.finsh_get_prompt)
    finsh_set_prompt_mode                    0x08005549   Thumb Code    42  shell.o(i.finsh_set_prompt_mode)
    finsh_system_function_init               0x08005591   Thumb Code    10  shell.o(i.finsh_system_function_init)
    finsh_system_init                        0x080055a5   Thumb Code   100  shell.o(i.finsh_system_init)
    finsh_thread_entry                       0x08005641   Thumb Code  1250  shell.o(i.finsh_thread_entry)
    fputc                                    0x08005b2d   Thumb Code    24  driver_usart.o(i.fputc)
    frexp                                    0x08005b49   Thumb Code   118  frexp.o(i.frexp)
    hello                                    0x08005c65   Thumb Code    12  cmd.o(i.hello)
    jy61_init                                0x08005c85   Thumb Code   164  jy61.o(i.jy61_init)
    list                                     0x08005d31   Thumb Code    54  cmd.o(i.list)
    list_event                               0x08005d99   Thumb Code   204  cmd.o(i.list_event)
    list_mailbox                             0x08005f91   Thumb Code   224  cmd.o(i.list_mailbox)
    list_mem                                 0x080060ed   Thumb Code    34  mem.o(i.list_mem)
    list_msgqueue                            0x08006165   Thumb Code   216  cmd.o(i.list_msgqueue)
    list_mutex                               0x080062a9   Thumb Code   168  cmd.o(i.list_mutex)
    list_sem                                 0x080063b5   Thumb Code   216  cmd.o(i.list_sem)
    list_thread                              0x080064ed   Thumb Code   294  cmd.o(i.list_thread)
    list_timer                               0x080066d1   Thumb Code   190  cmd.o(i.list_timer)
    $Super$$main                             0x08006831   Thumb Code   158  main.o(i.main)
    main_thread_entry                        0x08006909   Thumb Code    14  components.o(i.main_thread_entry)
    msh_auto_complete                        0x08006a01   Thumb Code   138  msh.o(i.msh_auto_complete)
    msh_exec                                 0x08006aa1   Thumb Code    82  msh.o(i.msh_exec)
    msh_help                                 0x08006b69   Thumb Code    66  msh.o(i.msh_help)
    msh_is_used                              0x08006be9   Thumb Code     4  msh.o(i.msh_is_used)
    pass_zero                                0x08006cf9   Thumb Code   392  motor.o(i.pass_zero)
    printf_text                              0x08007131   Thumb Code    70  main.o(i.printf_text)
    remote_control_init                      0x0800718d   Thumb Code    12  driver_dbus.o(i.remote_control_init)
    return_float                             0x0800719d   Thumb Code    40  board.o(i.return_float)
    return_int                               0x080071c5   Thumb Code    12  board.o(i.return_int)
    rt_application_init                      0x080071d1   Thumb Code    46  components.o(i.rt_application_init)
    rt_assert_handler                        0x08007221   Thumb Code    56  kservice.o(i.rt_assert_handler)
    rt_calloc                                0x08007295   Thumb Code    34  mem.o(i.rt_calloc)
    rt_components_board_init                 0x080072b9   Thumb Code    20  components.o(i.rt_components_board_init)
    rt_components_init                       0x080072d5   Thumb Code    20  components.o(i.rt_components_init)
    rt_enter_critical                        0x080072f1   Thumb Code    28  scheduler.o(i.rt_enter_critical)
    rt_exit_critical                         0x08007311   Thumb Code    60  scheduler.o(i.rt_exit_critical)
    rt_free                                  0x08007355   Thumb Code   278  mem.o(i.rt_free)
    rt_hw_board_init                         0x0800755d   Thumb Code    66  board.o(i.rt_hw_board_init)
    rt_hw_console_getchar                    0x080075ad   Thumb Code    36  board.o(i.rt_hw_console_getchar)
    rt_hw_console_output                     0x080075d9   Thumb Code    92  board.o(i.rt_hw_console_output)
    rt_hw_hard_fault_exception               0x08007639   Thumb Code   220  cpuport.o(i.rt_hw_hard_fault_exception)
    rt_hw_stack_init                         0x08007865   Thumb Code    74  cpuport.o(i.rt_hw_stack_init)
    rt_interrupt_enter                       0x080078b5   Thumb Code    46  irq.o(i.rt_interrupt_enter)
    rt_interrupt_get_nest                    0x080078ed   Thumb Code    22  irq.o(i.rt_interrupt_get_nest)
    rt_interrupt_leave                       0x08007909   Thumb Code    46  irq.o(i.rt_interrupt_leave)
    rt_kprintf                               0x080079d9   Thumb Code    44  kservice.o(i.rt_kprintf)
    rt_malloc                                0x08007acd   Thumb Code   522  mem.o(i.rt_malloc)
    rt_memmove                               0x08007d89   Thumb Code    66  kservice.o(i.rt_memmove)
    rt_memset                                0x08007dcb   Thumb Code    72  kservice.o(i.rt_memset)
    rt_object_allocate                       0x08007e15   Thumb Code   158  object.o(i.rt_object_allocate)
    rt_object_delete                         0x08007f01   Thumb Code    88  object.o(i.rt_object_delete)
    rt_object_detach                         0x08007fa1   Thumb Code    62  object.o(i.rt_object_detach)
    rt_object_get_information                0x08007ffd   Thumb Code    36  object.o(i.rt_object_get_information)
    rt_object_get_type                       0x08008025   Thumb Code    26  object.o(i.rt_object_get_type)
    rt_object_init                           0x08008059   Thumb Code   140  object.o(i.rt_object_init)
    rt_object_is_systemobject                0x08008115   Thumb Code    34  object.o(i.rt_object_is_systemobject)
    rt_ringbuffer_data_len                   0x08008151   Thumb Code   108  board.o(i.rt_ringbuffer_data_len)
    rt_ringbuffer_getchar                    0x080081bd   Thumb Code   100  board.o(i.rt_ringbuffer_getchar)
    rt_ringbuffer_init                       0x08008235   Thumb Code    80  board.o(i.rt_ringbuffer_init)
    rt_ringbuffer_putchar                    0x080082a5   Thumb Code   102  board.o(i.rt_ringbuffer_putchar)
    rt_schedule                              0x08008321   Thumb Code   300  scheduler.o(i.rt_schedule)
    rt_schedule_insert_thread                0x08008465   Thumb Code   118  scheduler.o(i.rt_schedule_insert_thread)
    rt_schedule_remove_thread                0x08008501   Thumb Code    94  scheduler.o(i.rt_schedule_remove_thread)
    rt_sem_init                              0x08008581   Thumb Code    66  ipc.o(i.rt_sem_init)
    rt_sem_release                           0x080085ed   Thumb Code   140  ipc.o(i.rt_sem_release)
    rt_sem_take                              0x08008695   Thumb Code   288  ipc.o(i.rt_sem_take)
    rt_show_version                          0x08008839   Thumb Code    38  kservice.o(i.rt_show_version)
    rt_sprintf                               0x080088e9   Thumb Code    34  kservice.o(i.rt_sprintf)
    rt_strlen                                0x0800890b   Thumb Code    18  kservice.o(i.rt_strlen)
    rt_strncpy                               0x0800891d   Thumb Code    52  kservice.o(i.rt_strncpy)
    rt_system_heap_init                      0x08008951   Thumb Code   204  mem.o(i.rt_system_heap_init)
    rt_system_scheduler_init                 0x08008aa5   Thumb Code    46  scheduler.o(i.rt_system_scheduler_init)
    rt_system_scheduler_start                0x08008ae5   Thumb Code    36  scheduler.o(i.rt_system_scheduler_start)
    rt_system_timer_init                     0x08008b0d   Thumb Code    24  timer.o(i.rt_system_timer_init)
    rt_system_timer_thread_init              0x08008b29   Thumb Code     2  timer.o(i.rt_system_timer_thread_init)
    rt_thread_create                         0x08008b2b   Thumb Code    80  thread.o(i.rt_thread_create)
    rt_thread_exit                           0x08008b7d   Thumb Code    80  thread.o(i.rt_thread_exit)
    rt_thread_idle_excute                    0x08008bf9   Thumb Code   132  idle.o(i.rt_thread_idle_excute)
    rt_thread_idle_init                      0x08008cb1   Thumb Code    74  idle.o(i.rt_thread_idle_init)
    rt_thread_init                           0x08008d11   Thumb Code    78  thread.o(i.rt_thread_init)
    rt_thread_mdelay                         0x08008d91   Thumb Code    20  thread.o(i.rt_thread_mdelay)
    rt_thread_resume                         0x08008da5   Thumb Code   122  thread.o(i.rt_thread_resume)
    rt_thread_self                           0x08008e41   Thumb Code     6  thread.o(i.rt_thread_self)
    rt_thread_sleep                          0x08008e4d   Thumb Code   100  thread.o(i.rt_thread_sleep)
    rt_thread_startup                        0x08008ecd   Thumb Code   110  thread.o(i.rt_thread_startup)
    rt_thread_suspend                        0x08008f91   Thumb Code   158  thread.o(i.rt_thread_suspend)
    rt_thread_timeout                        0x0800906d   Thumb Code    92  thread.o(i.rt_thread_timeout)
    rt_tick_from_millisecond                 0x08009121   Thumb Code    56  clock.o(i.rt_tick_from_millisecond)
    rt_tick_get                              0x08009159   Thumb Code     6  clock.o(i.rt_tick_get)
    rt_tick_increase                         0x08009165   Thumb Code    54  clock.o(i.rt_tick_increase)
    rt_timer_check                           0x080091a1   Thumb Code   210  timer.o(i.rt_timer_check)
    rt_timer_control                         0x08009281   Thumb Code   134  timer.o(i.rt_timer_control)
    rt_timer_detach                          0x0800935d   Thumb Code    90  timer.o(i.rt_timer_detach)
    rt_timer_init                            0x08009439   Thumb Code    58  timer.o(i.rt_timer_init)
    rt_timer_start                           0x0800948d   Thumb Code   302  timer.o(i.rt_timer_start)
    rt_timer_stop                            0x08009641   Thumb Code   102  timer.o(i.rt_timer_stop)
    rt_vsnprintf                             0x08009701   Thumb Code   808  kservice.o(i.rt_vsnprintf)
    rt_vsprintf                              0x08009a31   Thumb Code    22  kservice.o(i.rt_vsprintf)
    rtthread_startup                         0x08009a57   Thumb Code    42  components.o(i.rtthread_startup)
    thread_entry1                            0x08009c39   Thumb Code    98  app_thread.o(i.thread_entry1)
    thread_entry2                            0x08009cb9   Thumb Code   434  app_thread.o(i.thread_entry2)
    thread_entry3                            0x08009e89   Thumb Code   156  app_thread.o(i.thread_entry3)
    timeout1                                 0x08009f45   Thumb Code   416  app_thread.o(i.timeout1)
    version                                  0x0800a1ed   Thumb Code    10  cmd.o(i.version)
    _get_lc_numeric                          0x0800a1f9   Thumb Code    44  lc_numeric_c.o(locale$$code)
    _get_lc_ctype                            0x0800a225   Thumb Code    44  lc_ctype_c.o(locale$$code)
    __aeabi_d2f                              0x0800a251   Thumb Code     0  d2f.o(x$fpl$d2f)
    _d2f                                     0x0800a251   Thumb Code    98  d2f.o(x$fpl$d2f)
    __fpl_dcheck_NaN1                        0x0800a2b5   Thumb Code    10  dcheck1.o(x$fpl$dcheck1)
    __fpl_dcmp_Inf                           0x0800a2c5   Thumb Code    24  dcmpi.o(x$fpl$dcmpinf)
    __aeabi_ddiv                             0x0800a2dd   Thumb Code     0  ddiv.o(x$fpl$ddiv)
    _ddiv                                    0x0800a2dd   Thumb Code   552  ddiv.o(x$fpl$ddiv)
    __aeabi_cdcmpeq                          0x0800a58d   Thumb Code     0  deqf.o(x$fpl$deqf)
    _dcmpeq                                  0x0800a58d   Thumb Code   120  deqf.o(x$fpl$deqf)
    __aeabi_cdcmple                          0x0800a605   Thumb Code     0  dleqf.o(x$fpl$dleqf)
    _dcmple                                  0x0800a605   Thumb Code   120  dleqf.o(x$fpl$dleqf)
    __fpl_dcmple_InfNaN                      0x0800a667   Thumb Code     0  dleqf.o(x$fpl$dleqf)
    __aeabi_dmul                             0x0800a67d   Thumb Code     0  dmul.o(x$fpl$dmul)
    _dmul                                    0x0800a67d   Thumb Code   332  dmul.o(x$fpl$dmul)
    __fpl_dnaninf                            0x0800a7d1   Thumb Code   156  dnaninf.o(x$fpl$dnaninf)
    __fpl_dretinf                            0x0800a86d   Thumb Code    12  dretinf.o(x$fpl$dretinf)
    __aeabi_cdrcmple                         0x0800a879   Thumb Code     0  drleqf.o(x$fpl$drleqf)
    _drcmple                                 0x0800a879   Thumb Code   108  drleqf.o(x$fpl$drleqf)
    __aeabi_f2d                              0x0800a8e5   Thumb Code     0  f2d.o(x$fpl$f2d)
    _f2d                                     0x0800a8e5   Thumb Code    86  f2d.o(x$fpl$f2d)
    __fpl_fnaninf                            0x0800a93b   Thumb Code   140  fnaninf.o(x$fpl$fnaninf)
    _fp_init                                 0x0800a9c7   Thumb Code    10  fpinit.o(x$fpl$fpinit)
    __fplib_config_fpu_vfp                   0x0800a9cf   Thumb Code     0  fpinit.o(x$fpl$fpinit)
    __fplib_config_pureend_doubles           0x0800a9cf   Thumb Code     0  fpinit.o(x$fpl$fpinit)
    __fpl_fretinf                            0x0800a9d1   Thumb Code    10  fretinf.o(x$fpl$fretinf)
    __ieee_status                            0x0800a9db   Thumb Code     6  istatus.o(x$fpl$ieeestatus)
    _printf_fp_dec                           0x0800a9e1   Thumb Code     4  printf1.o(x$fpl$printf1)
    __fpl_return_NaN                         0x0800a9e5   Thumb Code   100  retnan.o(x$fpl$retnan)
    __ARM_scalbn                             0x0800aa49   Thumb Code    92  scalbn.o(x$fpl$scalbn)
    _scanf_real                              0x0800aaa5   Thumb Code     4  scanf1.o(x$fpl$scanf1)
    _scanf_hex_real                          0x0800aaa9   Thumb Code     4  scanf2.o(x$fpl$scanf2)
    _scanf_infnan                            0x0800aaad   Thumb Code     4  scanf2.o(x$fpl$scanf2)
    __fpl_cmpreturn                          0x0800aab1   Thumb Code    48  trapv.o(x$fpl$trapveneer)
    __I$use$fp                               0x0800aae0   Number         0  usenofp.o(x$fpl$usenofp)
    __lowest_bit_bitmap                      0x0800ad52   Data         256  kservice.o(.constdata)
    __fsym___cmd_printf_text_name            0x0800bb88   Data          18  main.o(.rodata.name)
    __fsym___cmd_printf_text_desc            0x0800bb9a   Data          36  main.o(.rodata.name)
    __fsym_list_mem_name                     0x0800bbbe   Data           9  mem.o(.rodata.name)
    __fsym_list_mem_desc                     0x0800bbc7   Data          30  mem.o(.rodata.name)
    __fsym_hello_name                        0x0800bbe5   Data           6  cmd.o(.rodata.name)
    __fsym_hello_desc                        0x0800bbeb   Data          16  cmd.o(.rodata.name)
    __fsym_clear_name                        0x0800bbfb   Data           6  cmd.o(.rodata.name)
    __fsym_clear_desc                        0x0800bc01   Data          26  cmd.o(.rodata.name)
    __fsym___cmd_clear_name                  0x0800bc1b   Data          12  cmd.o(.rodata.name)
    __fsym___cmd_clear_desc                  0x0800bc27   Data          26  cmd.o(.rodata.name)
    __fsym_version_name                      0x0800bc41   Data           8  cmd.o(.rodata.name)
    __fsym_version_desc                      0x0800bc49   Data          35  cmd.o(.rodata.name)
    __fsym___cmd_version_name                0x0800bc6c   Data          14  cmd.o(.rodata.name)
    __fsym___cmd_version_desc                0x0800bc7a   Data          35  cmd.o(.rodata.name)
    __fsym_list_thread_name                  0x0800bc9d   Data          12  cmd.o(.rodata.name)
    __fsym_list_thread_desc                  0x0800bca9   Data          12  cmd.o(.rodata.name)
    __fsym___cmd_list_thread_name            0x0800bcb5   Data          18  cmd.o(.rodata.name)
    __fsym___cmd_list_thread_desc            0x0800bcc7   Data          12  cmd.o(.rodata.name)
    __fsym_list_sem_name                     0x0800bcd3   Data           9  cmd.o(.rodata.name)
    __fsym_list_sem_desc                     0x0800bcdc   Data          25  cmd.o(.rodata.name)
    __fsym___cmd_list_sem_name               0x0800bcf5   Data          15  cmd.o(.rodata.name)
    __fsym___cmd_list_sem_desc               0x0800bd04   Data          25  cmd.o(.rodata.name)
    __fsym_list_event_name                   0x0800bd1d   Data          11  cmd.o(.rodata.name)
    __fsym_list_event_desc                   0x0800bd28   Data          21  cmd.o(.rodata.name)
    __fsym___cmd_list_event_name             0x0800bd3d   Data          17  cmd.o(.rodata.name)
    __fsym___cmd_list_event_desc             0x0800bd4e   Data          21  cmd.o(.rodata.name)
    __fsym_list_mutex_name                   0x0800bd63   Data          11  cmd.o(.rodata.name)
    __fsym_list_mutex_desc                   0x0800bd6e   Data          21  cmd.o(.rodata.name)
    __fsym___cmd_list_mutex_name             0x0800bd83   Data          17  cmd.o(.rodata.name)
    __fsym___cmd_list_mutex_desc             0x0800bd94   Data          21  cmd.o(.rodata.name)
    __fsym_list_mailbox_name                 0x0800bda9   Data          13  cmd.o(.rodata.name)
    __fsym_list_mailbox_desc                 0x0800bdb6   Data          24  cmd.o(.rodata.name)
    __fsym___cmd_list_mailbox_name           0x0800bdce   Data          19  cmd.o(.rodata.name)
    __fsym___cmd_list_mailbox_desc           0x0800bde1   Data          24  cmd.o(.rodata.name)
    __fsym_list_msgqueue_name                0x0800bdf9   Data          14  cmd.o(.rodata.name)
    __fsym_list_msgqueue_desc                0x0800be07   Data          29  cmd.o(.rodata.name)
    __fsym___cmd_list_msgqueue_name          0x0800be24   Data          20  cmd.o(.rodata.name)
    __fsym___cmd_list_msgqueue_desc          0x0800be38   Data          29  cmd.o(.rodata.name)
    __fsym_list_timer_name                   0x0800be55   Data          11  cmd.o(.rodata.name)
    __fsym_list_timer_desc                   0x0800be60   Data          21  cmd.o(.rodata.name)
    __fsym___cmd_list_timer_name             0x0800be75   Data          17  cmd.o(.rodata.name)
    __fsym___cmd_list_timer_desc             0x0800be86   Data          21  cmd.o(.rodata.name)
    __fsym_list_name                         0x0800be9b   Data           5  cmd.o(.rodata.name)
    __fsym_list_desc                         0x0800bea0   Data          26  cmd.o(.rodata.name)
    __fsym___cmd_help_name                   0x0800beba   Data          11  msh.o(.rodata.name)
    __fsym___cmd_help_desc                   0x0800bec5   Data          22  msh.o(.rodata.name)
    __fsym___cmd_ps_name                     0x0800bedb   Data           9  msh.o(.rodata.name)
    __fsym___cmd_ps_desc                     0x0800bee4   Data          28  msh.o(.rodata.name)
    __fsym___cmd_free_name                   0x0800bf00   Data          11  msh.o(.rodata.name)
    __fsym___cmd_free_desc                   0x0800bf0b   Data          37  msh.o(.rodata.name)
    __rt_init_rti_start                      0x0800bf30   Data           4  components.o(.rti_fn.0)
    __rt_init_rti_board_start                0x0800bf34   Data           4  components.o(.rti_fn.0.end)
    __rt_init_rti_board_end                  0x0800bf38   Data           4  components.o(.rti_fn.1.end)
    __rt_init_finsh_system_init              0x0800bf3c   Data           4  shell.o(.rti_fn.6)
    __rt_init_rti_end                        0x0800bf40   Data           4  components.o(.rti_fn.6.end)
    FSymTab$$Base                            0x0800bf44   Number         0  main.o(FSymTab)
    __fsym___cmd_printf_text                 0x0800bf44   Data          12  main.o(FSymTab)
    __fsym_list_mem                          0x0800bf50   Data          12  mem.o(FSymTab)
    __fsym_hello                             0x0800bf5c   Data          12  cmd.o(FSymTab)
    __fsym_clear                             0x0800bf68   Data          12  cmd.o(FSymTab)
    __fsym___cmd_clear                       0x0800bf74   Data          12  cmd.o(FSymTab)
    __fsym_version                           0x0800bf80   Data          12  cmd.o(FSymTab)
    __fsym___cmd_version                     0x0800bf8c   Data          12  cmd.o(FSymTab)
    __fsym_list_thread                       0x0800bf98   Data          12  cmd.o(FSymTab)
    __fsym___cmd_list_thread                 0x0800bfa4   Data          12  cmd.o(FSymTab)
    __fsym_list_sem                          0x0800bfb0   Data          12  cmd.o(FSymTab)
    __fsym___cmd_list_sem                    0x0800bfbc   Data          12  cmd.o(FSymTab)
    __fsym_list_event                        0x0800bfc8   Data          12  cmd.o(FSymTab)
    __fsym___cmd_list_event                  0x0800bfd4   Data          12  cmd.o(FSymTab)
    __fsym_list_mutex                        0x0800bfe0   Data          12  cmd.o(FSymTab)
    __fsym___cmd_list_mutex                  0x0800bfec   Data          12  cmd.o(FSymTab)
    __fsym_list_mailbox                      0x0800bff8   Data          12  cmd.o(FSymTab)
    __fsym___cmd_list_mailbox                0x0800c004   Data          12  cmd.o(FSymTab)
    __fsym_list_msgqueue                     0x0800c010   Data          12  cmd.o(FSymTab)
    __fsym___cmd_list_msgqueue               0x0800c01c   Data          12  cmd.o(FSymTab)
    __fsym_list_timer                        0x0800c028   Data          12  cmd.o(FSymTab)
    __fsym___cmd_list_timer                  0x0800c034   Data          12  cmd.o(FSymTab)
    __fsym_list                              0x0800c040   Data          12  cmd.o(FSymTab)
    __fsym___cmd_help                        0x0800c04c   Data          12  msh.o(FSymTab)
    __fsym___cmd_ps                          0x0800c058   Data          12  msh.o(FSymTab)
    __fsym___cmd_free                        0x0800c064   Data          12  msh.o(FSymTab)
    FSymTab$$Limit                           0x0800c070   Number         0  msh.o(FSymTab)
    Region$$Table$$Base                      0x0800c070   Number         0  anon$$obj.o(Region$$Table)
    Region$$Table$$Limit                     0x0800c090   Number         0  anon$$obj.o(Region$$Table)
    __aeabi_HUGE_VAL                         0x0800c090   Data           0  fpconst.o(c$$dinf)
    __aeabi_HUGE_VALL                        0x0800c090   Data           0  fpconst.o(c$$dinf)
    __aeabi_INFINITY                         0x0800c090   Data           0  fpconst.o(c$$dinf)
    __dInf                                   0x0800c090   Data           0  fpconst.o(c$$dinf)
    __huge_val                               0x0800c090   Data           0  fpconst.o(c$$dinf)
    __dbl_max                                0x0800c098   Data           0  fpconst.o(c$$dmax)
    __ctype                                  0x0800c0c9   Data           0  lc_ctype_c.o(locale$$data)
    tid                                      0x20000000   Data           4  main.o(.data)
    __stdout                                 0x20000004   Data           4  driver_usart.o(.data)
    Send_Date                                0x20000008   Data           5  motor.o(.data)
    zero                                     0x2000000d   Data           3  motor.o(.data)
    encoder_ok                               0x20000010   Data           1  motor.o(.data)
    stcAcc                                   0x2000001a   Data           8  jy61.o(.data)
    stcGyro                                  0x20000022   Data           8  jy61.o(.data)
    stcAngle                                 0x2000002a   Data           8  jy61.o(.data)
    YAWCMD                                   0x20000032   Data           3  jy61.o(.data)
    ACCCMD                                   0x20000035   Data           3  jy61.o(.data)
    SLEEPCMD                                 0x20000038   Data           3  jy61.o(.data)
    UARTMODECMD                              0x2000003b   Data           3  jy61.o(.data)
    IICMODECMD                               0x2000003e   Data           3  jy61.o(.data)
    cmdopen                                  0x20000041   Data           5  jy61.o(.data)
    cmdzero                                  0x20000046   Data           5  jy61.o(.data)
    last_sumangle                            0x2000004c   Data           4  motor_turn.o(.data)
    YAW                                      0x20000054   Data           4  app_thread.o(.data)
    yaw_error                                0x20000058   Data           4  app_thread.o(.data)
    Pitch                                    0x2000005c   Data           4  control.o(.data)
    Angle_Speed_Pwm                          0x20000060   Data           4  control.o(.data)
    Angle_Pwm                                0x20000064   Data           4  control.o(.data)
    Moto1                                    0x20000068   Data           4  control.o(.data)
    Moto2                                    0x2000006c   Data           4  control.o(.data)
    Turn_Pwm                                 0x20000070   Data           4  control.o(.data)
    elecurrent                               0x20000074   Data           8  control.o(.data)
    SystemCoreClock                          0x2000007c   Data           4  system_stm32f4xx.o(.data)
    AHBPrescTable                            0x20000080   Data          16  system_stm32f4xx.o(.data)
    rt_interrupt_nest                        0x200000ac   Data           1  irq.o(.data)
    rt_assert_hook                           0x200000b4   Data           4  kservice.o(.data)
    rt_object_trytake_hook                   0x20000150   Data           4  object.o(.data)
    rt_object_take_hook                      0x20000154   Data           4  object.o(.data)
    rt_object_put_hook                       0x20000158   Data           4  object.o(.data)
    rt_thread_ready_priority_group           0x2000015c   Data           4  scheduler.o(.data)
    rt_current_thread                        0x20000164   Data           4  scheduler.o(.data)
    rt_current_priority                      0x20000168   Data           1  scheduler.o(.data)
    rt_thread_defunct                        0x2000016c   Data           8  scheduler.o(.data)
    _syscall_table_begin                     0x20000198   Data           4  shell.o(.data)
    _syscall_table_end                       0x2000019c   Data           4  shell.o(.data)
    _sysvar_table_begin                      0x200001a0   Data           4  shell.o(.data)
    _sysvar_table_end                        0x200001a4   Data           4  shell.o(.data)
    shell                                    0x200001a8   Data           4  shell.o(.data)
    rt_interrupt_from_thread                 0x200001b0   Data           4  cpuport.o(.data)
    rt_interrupt_to_thread                   0x200001b4   Data           4  cpuport.o(.data)
    rt_thread_switch_interrupt_flag          0x200001b8   Data           4  cpuport.o(.data)
    timer1                                   0x200001c0   Data          44  main.o(.bss)
    timer2                                   0x200001ec   Data          44  main.o(.bss)
    timer3                                   0x20000218   Data          44  main.o(.bss)
    timer4                                   0x20000244   Data          44  main.o(.bss)
    uart_rx_buf                              0x20000270   Data          16  board.o(.bss)
    uart_rxcb                                0x20000280   Data          12  board.o(.bss)
    vesc_re                                  0x200002ac   Data         272  comm_can_sent_bldc.o(.bss)
    Motor                                    0x200003bc   Data         480  motor.o(.bss)
    Motor_Endercode                          0x2000059c   Data         408  motor.o(.bss)
    rc_ctrl                                  0x2000082e   Data          22  driver_dbus.o(.bss)
    d_wheel                                  0x2000088c   Data          24  motor_turn.o(.bss)
    rt_thread_priority_table                 0x20000ad4   Data         256  scheduler.o(.bss)
    __libspace_start                         0x20000c58   Data          96  libspace.o(.bss)
    __temporary_stack_top$libspace           0x20000cb8   Data           0  libspace.o(.bss)
    Image$$RW_IRAM1$$ZI$$Limit               0x200012b8   Number         0  anon$$obj.o ABSOLUTE



==============================================================================

Memory Map of the image

  Image Entry point : 0x08000189

  Load Region LR_IROM1 (Base: 0x08000000, Size: 0x0000c38c, Max: 0x00100000, ABSOLUTE, COMPRESSED[0x0000c23c])

    Execution Region ER_IROM1 (Exec base: 0x08000000, Load base: 0x08000000, Size: 0x0000c1cc, Max: 0x00100000, ABSOLUTE)

    Exec Addr    Load Addr    Size         Type   Attr      Idx    E Section Name        Object

    0x08000000   0x08000000   0x00000188   Data   RO         1566    RESET               startup_stm32f40_41xxx.o
    0x08000188   0x08000188   0x00000008   Code   RO         8192  * !!!main             c_w.l(__main.o)
    0x08000190   0x08000190   0x00000034   Code   RO         8583    !!!scatter          c_w.l(__scatter.o)
    0x080001c4   0x080001c4   0x0000005a   Code   RO         8581    !!dczerorl2         c_w.l(__dczerorl2.o)
    0x0800021e   0x0800021e   0x00000002   PAD
    0x08000220   0x08000220   0x0000001c   Code   RO         8585    !!handler_zi        c_w.l(__scatter_zi.o)
    0x0800023c   0x0800023c   0x00000000   Code   RO         8167    .ARM.Collect$$_printf_percent$$00000000  c_w.l(_printf_percent.o)
    0x0800023c   0x0800023c   0x00000006   Code   RO         8166    .ARM.Collect$$_printf_percent$$00000003  c_w.l(_printf_f.o)
    0x08000242   0x08000242   0x00000006   Code   RO         8165    .ARM.Collect$$_printf_percent$$00000009  c_w.l(_printf_d.o)
    0x08000248   0x08000248   0x00000006   Code   RO         8164    .ARM.Collect$$_printf_percent$$0000000C  c_w.l(_printf_x.o)
    0x0800024e   0x0800024e   0x00000004   Code   RO         8248    .ARM.Collect$$_printf_percent$$00000017  c_w.l(_printf_percent_end.o)
    0x08000252   0x08000252   0x00000002   Code   RO         8373    .ARM.Collect$$libinit$$00000000  c_w.l(libinit.o)
    0x08000254   0x08000254   0x00000004   Code   RO         8374    .ARM.Collect$$libinit$$00000001  c_w.l(libinit2.o)
    0x08000258   0x08000258   0x00000000   Code   RO         8377    .ARM.Collect$$libinit$$00000004  c_w.l(libinit2.o)
    0x08000258   0x08000258   0x00000000   Code   RO         8380    .ARM.Collect$$libinit$$0000000A  c_w.l(libinit2.o)
    0x08000258   0x08000258   0x00000000   Code   RO         8382    .ARM.Collect$$libinit$$0000000C  c_w.l(libinit2.o)
    0x08000258   0x08000258   0x00000000   Code   RO         8384    .ARM.Collect$$libinit$$0000000E  c_w.l(libinit2.o)
    0x08000258   0x08000258   0x00000006   Code   RO         8385    .ARM.Collect$$libinit$$0000000F  c_w.l(libinit2.o)
    0x0800025e   0x0800025e   0x00000000   Code   RO         8387    .ARM.Collect$$libinit$$00000011  c_w.l(libinit2.o)
    0x0800025e   0x0800025e   0x0000000c   Code   RO         8388    .ARM.Collect$$libinit$$00000012  c_w.l(libinit2.o)
    0x0800026a   0x0800026a   0x00000000   Code   RO         8389    .ARM.Collect$$libinit$$00000013  c_w.l(libinit2.o)
    0x0800026a   0x0800026a   0x00000000   Code   RO         8391    .ARM.Collect$$libinit$$00000015  c_w.l(libinit2.o)
    0x0800026a   0x0800026a   0x0000000a   Code   RO         8392    .ARM.Collect$$libinit$$00000016  c_w.l(libinit2.o)
    0x08000274   0x08000274   0x00000000   Code   RO         8393    .ARM.Collect$$libinit$$00000017  c_w.l(libinit2.o)
    0x08000274   0x08000274   0x00000000   Code   RO         8395    .ARM.Collect$$libinit$$00000019  c_w.l(libinit2.o)
    0x08000274   0x08000274   0x00000000   Code   RO         8397    .ARM.Collect$$libinit$$0000001B  c_w.l(libinit2.o)
    0x08000274   0x08000274   0x00000000   Code   RO         8399    .ARM.Collect$$libinit$$0000001D  c_w.l(libinit2.o)
    0x08000274   0x08000274   0x00000000   Code   RO         8401    .ARM.Collect$$libinit$$0000001F  c_w.l(libinit2.o)
    0x08000274   0x08000274   0x00000000   Code   RO         8403    .ARM.Collect$$libinit$$00000021  c_w.l(libinit2.o)
    0x08000274   0x08000274   0x00000000   Code   RO         8405    .ARM.Collect$$libinit$$00000023  c_w.l(libinit2.o)
    0x08000274   0x08000274   0x00000000   Code   RO         8407    .ARM.Collect$$libinit$$00000025  c_w.l(libinit2.o)
    0x08000274   0x08000274   0x00000000   Code   RO         8411    .ARM.Collect$$libinit$$0000002C  c_w.l(libinit2.o)
    0x08000274   0x08000274   0x00000000   Code   RO         8413    .ARM.Collect$$libinit$$0000002E  c_w.l(libinit2.o)
    0x08000274   0x08000274   0x00000000   Code   RO         8415    .ARM.Collect$$libinit$$00000030  c_w.l(libinit2.o)
    0x08000274   0x08000274   0x00000000   Code   RO         8417    .ARM.Collect$$libinit$$00000032  c_w.l(libinit2.o)
    0x08000274   0x08000274   0x00000002   Code   RO         8418    .ARM.Collect$$libinit$$00000033  c_w.l(libinit2.o)
    0x08000276   0x08000276   0x00000002   Code   RO         8480    .ARM.Collect$$libshutdown$$00000000  c_w.l(libshutdown.o)
    0x08000278   0x08000278   0x00000000   Code   RO         8511    .ARM.Collect$$libshutdown$$00000002  c_w.l(libshutdown2.o)
    0x08000278   0x08000278   0x00000000   Code   RO         8513    .ARM.Collect$$libshutdown$$00000004  c_w.l(libshutdown2.o)
    0x08000278   0x08000278   0x00000000   Code   RO         8516    .ARM.Collect$$libshutdown$$00000007  c_w.l(libshutdown2.o)
    0x08000278   0x08000278   0x00000000   Code   RO         8519    .ARM.Collect$$libshutdown$$0000000A  c_w.l(libshutdown2.o)
    0x08000278   0x08000278   0x00000000   Code   RO         8521    .ARM.Collect$$libshutdown$$0000000C  c_w.l(libshutdown2.o)
    0x08000278   0x08000278   0x00000000   Code   RO         8524    .ARM.Collect$$libshutdown$$0000000F  c_w.l(libshutdown2.o)
    0x08000278   0x08000278   0x00000002   Code   RO         8525    .ARM.Collect$$libshutdown$$00000010  c_w.l(libshutdown2.o)
    0x0800027a   0x0800027a   0x00000000   Code   RO         8234    .ARM.Collect$$rtentry$$00000000  c_w.l(__rtentry.o)
    0x0800027a   0x0800027a   0x00000000   Code   RO         8282    .ARM.Collect$$rtentry$$00000002  c_w.l(__rtentry2.o)
    0x0800027a   0x0800027a   0x00000006   Code   RO         8294    .ARM.Collect$$rtentry$$00000004  c_w.l(__rtentry4.o)
    0x08000280   0x08000280   0x00000000   Code   RO         8284    .ARM.Collect$$rtentry$$00000009  c_w.l(__rtentry2.o)
    0x08000280   0x08000280   0x00000004   Code   RO         8285    .ARM.Collect$$rtentry$$0000000A  c_w.l(__rtentry2.o)
    0x08000284   0x08000284   0x00000000   Code   RO         8287    .ARM.Collect$$rtentry$$0000000C  c_w.l(__rtentry2.o)
    0x08000284   0x08000284   0x00000008   Code   RO         8288    .ARM.Collect$$rtentry$$0000000D  c_w.l(__rtentry2.o)
    0x0800028c   0x0800028c   0x00000002   Code   RO         8419    .ARM.Collect$$rtexit$$00000000  c_w.l(rtexit.o)
    0x0800028e   0x0800028e   0x00000000   Code   RO         8444    .ARM.Collect$$rtexit$$00000002  c_w.l(rtexit2.o)
    0x0800028e   0x0800028e   0x00000004   Code   RO         8445    .ARM.Collect$$rtexit$$00000003  c_w.l(rtexit2.o)
    0x08000292   0x08000292   0x00000006   Code   RO         8446    .ARM.Collect$$rtexit$$00000004  c_w.l(rtexit2.o)
    0x08000298   0x08000298   0x00000040   Code   RO         1567    .text               startup_stm32f40_41xxx.o
    0x080002d8   0x080002d8   0x00000134   Code   RO         8040    .text               context_rvds.o
    0x0800040c   0x0800040c   0x000000d8   Code   RO         8046    .text               arm_cortexM4lf_math.lib(arm_cos_f32.o)
    0x080004e4   0x080004e4   0x000000d8   Code   RO         8093    .text               arm_cortexM4lf_math.lib(arm_sin_f32.o)
    0x080005bc   0x080005bc   0x00000018   Code   RO         8117    .text               c_w.l(noretval__2printf.o)
    0x080005d4   0x080005d4   0x00000068   Code   RO         8119    .text               c_w.l(__printf.o)
    0x0800063c   0x0800063c   0x00000078   Code   RO         8121    .text               c_w.l(_printf_dec.o)
    0x080006b4   0x080006b4   0x00000058   Code   RO         8126    .text               c_w.l(_printf_hex_int.o)
    0x0800070c   0x0800070c   0x0000001a   Code   RO         8168    .text               c_w.l(atoi.o)
    0x08000726   0x08000726   0x00000058   Code   RO         8170    .text               c_w.l(memcmp.o)
    0x0800077e   0x0800077e   0x00000048   Code   RO         8172    .text               c_w.l(strcpy.o)
    0x080007c6   0x080007c6   0x0000003e   Code   RO         8174    .text               c_w.l(strlen.o)
    0x08000804   0x08000804   0x00000096   Code   RO         8176    .text               c_w.l(strncmp.o)
    0x0800089a   0x0800089a   0x00000018   Code   RO         8178    .text               c_w.l(strcat.o)
    0x080008b2   0x080008b2   0x0000008a   Code   RO         8180    .text               c_w.l(rt_memcpy_v6.o)
    0x0800093c   0x0800093c   0x00000064   Code   RO         8182    .text               c_w.l(rt_memcpy_w.o)
    0x080009a0   0x080009a0   0x00000044   Code   RO         8184    .text               c_w.l(rt_memclr.o)
    0x080009e4   0x080009e4   0x0000004e   Code   RO         8186    .text               c_w.l(rt_memclr_w.o)
    0x08000a32   0x08000a32   0x00000056   Code   RO         8188    .text               c_w.l(strncpy.o)
    0x08000a88   0x08000a88   0x00000006   Code   RO         8190    .text               c_w.l(heapauxi.o)
    0x08000a8e   0x08000a8e   0x00000002   PAD
    0x08000a90   0x08000a90   0x00000008   Code   RO         8238    .text               c_w.l(rt_errno_addr_intlibspace.o)
    0x08000a98   0x08000a98   0x00000016   Code   RO         8240    .text               c_w.l(_rserrno.o)
    0x08000aae   0x08000aae   0x000000b2   Code   RO         8242    .text               c_w.l(_printf_intcommon.o)
    0x08000b60   0x08000b60   0x0000041e   Code   RO         8244    .text               c_w.l(_printf_fp_dec.o)
    0x08000f7e   0x08000f7e   0x00000002   PAD
    0x08000f80   0x08000f80   0x00000024   Code   RO         8246    .text               c_w.l(_printf_char_file.o)
    0x08000fa4   0x08000fa4   0x000000a4   Code   RO         8249    .text               c_w.l(strtod.o)
    0x08001048   0x08001048   0x00000070   Code   RO         8251    .text               c_w.l(strtol.o)
    0x080010b8   0x080010b8   0x00000008   Code   RO         8278    .text               c_w.l(libspace.o)
    0x080010c0   0x080010c0   0x00000010   Code   RO         8296    .text               c_w.l(rt_ctype_table.o)
    0x080010d0   0x080010d0   0x00000008   Code   RO         8301    .text               c_w.l(rt_locale_intlibspace.o)
    0x080010d8   0x080010d8   0x0000008a   Code   RO         8303    .text               c_w.l(lludiv10.o)
    0x08001162   0x08001162   0x00000012   Code   RO         8305    .text               c_w.l(isspace.o)
    0x08001174   0x08001174   0x00000030   Code   RO         8307    .text               c_w.l(_printf_char_common.o)
    0x080011a4   0x080011a4   0x00000080   Code   RO         8309    .text               c_w.l(_printf_fp_infnan.o)
    0x08001224   0x08001224   0x00000040   Code   RO         8311    .text               c_w.l(_sgetc.o)
    0x08001264   0x08001264   0x0000009e   Code   RO         8313    .text               c_w.l(_strtoul.o)
    0x08001302   0x08001302   0x00000002   PAD
    0x08001304   0x08001304   0x000000e4   Code   RO         8315    .text               c_w.l(bigflt0.o)
    0x080013e8   0x080013e8   0x00000008   Code   RO         8340    .text               c_w.l(ferror.o)
    0x080013f0   0x080013f0   0x0000004a   Code   RO         8353    .text               c_w.l(sys_stackheap_outer.o)
    0x0800143a   0x0800143a   0x0000001c   Code   RO         8357    .text               c_w.l(_chval.o)
    0x08001456   0x08001456   0x00000002   PAD
    0x08001458   0x08001458   0x000004f8   Code   RO         8359    .text               c_w.l(scanf_fp.o)
    0x08001950   0x08001950   0x00000012   Code   RO         8364    .text               c_w.l(exit.o)
    0x08001962   0x08001962   0x00000002   PAD
    0x08001964   0x08001964   0x00000080   Code   RO         8366    .text               c_w.l(strcmpv7m.o)
    0x080019e4   0x080019e4   0x00000320   Code   RO         8450    .text               c_w.l(scanf_hexfp.o)
    0x08001d04   0x08001d04   0x00000134   Code   RO         8452    .text               c_w.l(scanf_infnan.o)
    0x08001e38   0x08001e38   0x00000026   Code   RO         8472    .text               c_w.l(llshl.o)
    0x08001e5e   0x08001e5e   0x0000003e   Code   RO         8318    CL$$btod_d2e        c_w.l(btod.o)
    0x08001e9c   0x08001e9c   0x00000046   Code   RO         8320    CL$$btod_d2e_denorm_low  c_w.l(btod.o)
    0x08001ee2   0x08001ee2   0x00000060   Code   RO         8319    CL$$btod_d2e_norm_op1  c_w.l(btod.o)
    0x08001f42   0x08001f42   0x00000338   Code   RO         8328    CL$$btod_div_common  c_w.l(btod.o)
    0x0800227a   0x0800227a   0x00000002   PAD
    0x0800227c   0x0800227c   0x00000084   Code   RO         8326    CL$$btod_e2d        c_w.l(btod.o)
    0x08002300   0x08002300   0x000000dc   Code   RO         8325    CL$$btod_e2e        c_w.l(btod.o)
    0x080023dc   0x080023dc   0x0000002a   Code   RO         8322    CL$$btod_ediv       c_w.l(btod.o)
    0x08002406   0x08002406   0x0000002a   Code   RO         8324    CL$$btod_edivd      c_w.l(btod.o)
    0x08002430   0x08002430   0x0000002a   Code   RO         8321    CL$$btod_emul       c_w.l(btod.o)
    0x0800245a   0x0800245a   0x0000002a   Code   RO         8323    CL$$btod_emuld      c_w.l(btod.o)
    0x08002484   0x08002484   0x00000244   Code   RO         8327    CL$$btod_mult_common  c_w.l(btod.o)
    0x080026c8   0x080026c8   0x0000000a   Code   RO         6469    i.$Sub$$main        components.o
    0x080026d2   0x080026d2   0x00000002   PAD
    0x080026d4   0x080026d4   0x00000084   Code   RO         1430    i.AngleLimit        motor_turn.o
    0x08002758   0x08002758   0x00000034   Code   RO          457    i.BSP_ALL           bsp_all.o
    0x0800278c   0x0800278c   0x00000004   Code   RO          289    i.BusFault_Handler  stm32f4xx_it.o
    0x08002790   0x08002790   0x00000100   Code   RO          858    i.CAN1_Mode_Init    motor.o
    0x08002890   0x08002890   0x00000204   Code   RO          859    i.CAN1_RX0_IRQHandler  motor.o
    0x08002a94   0x08002a94   0x00000100   Code   RO          862    i.CAN2_Mode_Init    motor.o
    0x08002b94   0x08002b94   0x00000024   Code   RO          863    i.CAN2_RX0_IRQHandler  motor.o
    0x08002bb8   0x08002bb8   0x00000108   Code   RO         1915    i.CAN_FilterInit    stm32f4xx_can.o
    0x08002cc0   0x08002cc0   0x00000012   Code   RO         1921    i.CAN_ITConfig      stm32f4xx_can.o
    0x08002cd2   0x08002cd2   0x00000114   Code   RO         1922    i.CAN_Init          stm32f4xx_can.o
    0x08002de6   0x08002de6   0x000000f0   Code   RO         1925    i.CAN_Receive       stm32f4xx_can.o
    0x08002ed6   0x08002ed6   0x00000126   Code   RO         1930    i.CAN_Transmit      stm32f4xx_can.o
    0x08002ffc   0x08002ffc   0x000000a0   Code   RO         1931    i.CAN_TransmitStatus  stm32f4xx_can.o
    0x0800309c   0x0800309c   0x00000300   Code   RO          713    i.COMM_CAN_RE_VESC_decoding  comm_can_sent_bldc.o
    0x0800339c   0x0800339c   0x000001fc   Code   RO         1432    i.CalcWheelSpeed_XY  motor_turn.o
    0x08003598   0x08003598   0x0000008c   Code   RO         1286    i.CopeSerial2Data   jy61.o
    0x08003624   0x08003624   0x00000120   Code   RO         1383    i.DBUS_Init         driver_dbus.o
    0x08003744   0x08003744   0x00000034   Code   RO         2646    i.DMA_ClearFlag     stm32f4xx_dma.o
    0x08003778   0x08003778   0x00000016   Code   RO         2648    i.DMA_Cmd           stm32f4xx_dma.o
    0x0800378e   0x0800378e   0x00000002   PAD
    0x08003790   0x08003790   0x00000158   Code   RO         2649    i.DMA_DeInit        stm32f4xx_dma.o
    0x080038e8   0x080038e8   0x00000014   Code   RO         2653    i.DMA_GetCmdStatus  stm32f4xx_dma.o
    0x080038fc   0x080038fc   0x00000058   Code   RO         2660    i.DMA_Init          stm32f4xx_dma.o
    0x08003954   0x08003954   0x00000004   Code   RO         2663    i.DMA_SetCurrDataCounter  stm32f4xx_dma.o
    0x08003958   0x08003958   0x00000002   Code   RO          290    i.DebugMon_Handler  stm32f4xx_it.o
    0x0800395a   0x0800395a   0x00000002   PAD
    0x0800395c   0x0800395c   0x00000060   Code   RO         1287    i.Dispose_JY61_yaw  jy61.o
    0x080039bc   0x080039bc   0x00000090   Code   RO         3406    i.GPIO_Init         stm32f4xx_gpio.o
    0x08003a4c   0x08003a4c   0x00000046   Code   RO         3407    i.GPIO_PinAFConfig  stm32f4xx_gpio.o
    0x08003a92   0x08003a92   0x00000002   PAD
    0x08003a94   0x08003a94   0x00000030   Code   RO         1292    i.Get_yaw           jy61.o
    0x08003ac4   0x08003ac4   0x00000038   Code   RO          572    i.LED_Init          led.o
    0x08003afc   0x08003afc   0x00000004   Code   RO          291    i.MemManage_Handler  stm32f4xx_it.o
    0x08003b00   0x08003b00   0x0000003c   Code   RO          865    i.Motor_Endercode_XianFu  motor.o
    0x08003b3c   0x08003b3c   0x0000005c   Code   RO          866    i.Motor_State_Init  motor.o
    0x08003b98   0x08003b98   0x0000003c   Code   RO          867    i.Motor_XianFu      motor.o
    0x08003bd4   0x08003bd4   0x00000002   Code   RO          292    i.NMI_Handler       stm32f4xx_it.o
    0x08003bd6   0x08003bd6   0x00000028   Code   RO          346    i.NVIC_Configuration  board.o
    0x08003bfe   0x08003bfe   0x00000002   PAD
    0x08003c00   0x08003c00   0x00000078   Code   RO         1615    i.NVIC_Init         misc.o
    0x08003c78   0x08003c78   0x00000014   Code   RO         1616    i.NVIC_PriorityGroupConfig  misc.o
    0x08003c8c   0x08003c8c   0x0000012c   Code   RO          868    i.OAiDi_pass_zero   motor.o
    0x08003db8   0x08003db8   0x00000108   Code   RO         1199    i.PID_Calc          pid.o
    0x08003ec0   0x08003ec0   0x00000038   Code   RO         1200    i.PID_Data_Init     pid.o
    0x08003ef8   0x08003ef8   0x0000009c   Code   RO         1201    i.PID_Init          pid.o
    0x08003f94   0x08003f94   0x0000000a   Code   RO         1202    i.PID_Param_Init    pid.o
    0x08003f9e   0x08003f9e   0x00000002   PAD
    0x08003fa0   0x08003fa0   0x00000020   Code   RO         4248    i.RCC_AHB1PeriphClockCmd  stm32f4xx_rcc.o
    0x08003fc0   0x08003fc0   0x00000020   Code   RO         4257    i.RCC_APB1PeriphClockCmd  stm32f4xx_rcc.o
    0x08003fe0   0x08003fe0   0x00000020   Code   RO         4259    i.RCC_APB1PeriphResetCmd  stm32f4xx_rcc.o
    0x08004000   0x08004000   0x00000020   Code   RO         4260    i.RCC_APB2PeriphClockCmd  stm32f4xx_rcc.o
    0x08004020   0x08004020   0x00000020   Code   RO         4262    i.RCC_APB2PeriphResetCmd  stm32f4xx_rcc.o
    0x08004040   0x08004040   0x000000e8   Code   RO         4269    i.RCC_GetClocksFreq  stm32f4xx_rcc.o
    0x08004128   0x08004128   0x000000d2   Code   RO         1384    i.SBUS_TO_RC        driver_dbus.o
    0x080041fa   0x080041fa   0x00000002   Code   RO          293    i.SVC_Handler       stm32f4xx_it.o
    0x080041fc   0x080041fc   0x000000c0   Code   RO          870    i.Send_Motor_current  motor.o
    0x080042bc   0x080042bc   0x000000ec   Code   RO         1574    i.SetSysClock       system_stm32f4xx.o
    0x080043a8   0x080043a8   0x00000010   Code   RO          347    i.SysTick_Handler   board.o
    0x080043b8   0x080043b8   0x000000c0   Code   RO         1575    i.SystemCoreClockUpdate  system_stm32f4xx.o
    0x08004478   0x08004478   0x00000068   Code   RO         1576    i.SystemInit        system_stm32f4xx.o
    0x080044e0   0x080044e0   0x00000068   Code   RO         1385    i.USART1_IRQHandler  driver_dbus.o
    0x08004548   0x08004548   0x0000002c   Code   RO         1294    i.USART2_IRQHandler  jy61.o
    0x08004574   0x08004574   0x000000c8   Code   RO          348    i.USART3_Config     board.o
    0x0800463c   0x0800463c   0x00000064   Code   RO          349    i.USART3_IRQHandler  board.o
    0x080046a0   0x080046a0   0x00000012   Code   RO         6173    i.USART_ClearFlag   stm32f4xx_usart.o
    0x080046b2   0x080046b2   0x00000018   Code   RO         6177    i.USART_Cmd         stm32f4xx_usart.o
    0x080046ca   0x080046ca   0x00000012   Code   RO         6178    i.USART_DMACmd      stm32f4xx_usart.o
    0x080046dc   0x080046dc   0x000000f0   Code   RO         6179    i.USART_DeInit      stm32f4xx_usart.o
    0x080047cc   0x080047cc   0x0000001a   Code   RO         6180    i.USART_GetFlagStatus  stm32f4xx_usart.o
    0x080047e6   0x080047e6   0x00000054   Code   RO         6181    i.USART_GetITStatus  stm32f4xx_usart.o
    0x0800483a   0x0800483a   0x0000004a   Code   RO         6183    i.USART_ITConfig    stm32f4xx_usart.o
    0x08004884   0x08004884   0x000000d4   Code   RO         6184    i.USART_Init        stm32f4xx_usart.o
    0x08004958   0x08004958   0x0000000a   Code   RO         6191    i.USART_ReceiveData  stm32f4xx_usart.o
    0x08004962   0x08004962   0x00000008   Code   RO         6194    i.USART_SendData    stm32f4xx_usart.o
    0x0800496a   0x0800496a   0x00000004   Code   RO          294    i.UsageFault_Handler  stm32f4xx_it.o
    0x0800496e   0x0800496e   0x00000002   PAD
    0x08004970   0x08004970   0x00000030   Code   RO          350    i._SysTick_Config   board.o
    0x080049a0   0x080049a0   0x00000030   Code   RO         8351    i.__ARM_fpclassify  m_wm.l(fpclassify.o)
    0x080049d0   0x080049d0   0x00000026   Code   RO         8262    i.__ARM_fpclassifyf  m_wm.l(fpclassifyf.o)
    0x080049f6   0x080049f6   0x00000002   PAD
    0x080049f8   0x080049f8   0x000000f8   Code   RO         8435    i.__hardfp___mathlib_tofloat  m_wm.l(narrow.o)
    0x08004af0   0x08004af0   0x00000250   Code   RO         8216    i.__hardfp_atan2f   m_wm.l(atan2f.o)
    0x08004d40   0x08004d40   0x00000038   Code   RO         8228    i.__hardfp_atof     m_wm.l(atof.o)
    0x08004d78   0x08004d78   0x000000d0   Code   RO         8485    i.__hardfp_ldexp    m_wm.l(ldexp.o)
    0x08004e48   0x08004e48   0x00000020   Code   RO         8532    i.__mathlib_dbl_overflow  m_wm.l(dunder.o)
    0x08004e68   0x08004e68   0x00000020   Code   RO         8534    i.__mathlib_dbl_underflow  m_wm.l(dunder.o)
    0x08004e88   0x08004e88   0x00000006   Code   RO         8266    i.__mathlib_flt_infnan2  m_wm.l(funder.o)
    0x08004e8e   0x08004e8e   0x00000002   PAD
    0x08004e90   0x08004e90   0x00000010   Code   RO         8270    i.__mathlib_flt_underflow  m_wm.l(funder.o)
    0x08004ea0   0x08004ea0   0x00000012   Code   RO         8436    i.__mathlib_narrow  m_wm.l(narrow.o)
    0x08004eb2   0x08004eb2   0x00000002   PAD
    0x08004eb4   0x08004eb4   0x0000004c   Code   RO         6924    i.__rt_ffs          kservice.o
    0x08004f00   0x08004f00   0x00000014   Code   RO         8487    i.__support_ldexp   m_wm.l(ldexp.o)
    0x08004f14   0x08004f14   0x00000028   Code   RO         7321    i._get_highest_priority_thread  scheduler.o
    0x08004f3c   0x08004f3c   0x0000000e   Code   RO         8154    i._is_digit         c_w.l(__printf_wp.o)
    0x08004f4a   0x08004f4a   0x00000002   PAD
    0x08004f4c   0x08004f4c   0x00000098   Code   RO         7807    i._msh_exec_cmd     msh.o
    0x08004fe4   0x08004fe4   0x000000c4   Code   RO         7322    i._rt_scheduler_stack_check  scheduler.o
    0x080050a8   0x080050a8   0x000000d0   Code   RO         7411    i._rt_thread_init   thread.o
    0x08005178   0x08005178   0x00000042   Code   RO         7565    i._rt_timer_init    timer.o
    0x080051ba   0x080051ba   0x0000001c   Code   RO         7566    i._rt_timer_remove  timer.o
    0x080051d6   0x080051d6   0x00000004   Code   RO          535    i._sys_exit         driver_usart.o
    0x080051da   0x080051da   0x0000001c   Code   RO         7412    i._thread_cleanup_execute  thread.o
    0x080051f6   0x080051f6   0x00000002   PAD
    0x080051f8   0x080051f8   0x0000002c   Code   RO         1433    i.arm_sqrt_f32      motor_turn.o
    0x08005224   0x08005224   0x0000002e   Code   RO          715    i.buffer_append_int32  comm_can_sent_bldc.o
    0x08005252   0x08005252   0x0000001c   Code   RO          717    i.buffer_get_int16  comm_can_sent_bldc.o
    0x0800526e   0x0800526e   0x00000030   Code   RO          718    i.buffer_get_int32  comm_can_sent_bldc.o
    0x0800529e   0x0800529e   0x00000002   PAD
    0x080052a0   0x080052a0   0x000000fc   Code   RO         7980    i.bus_fault_track   cpuport.o
    0x0800539c   0x0800539c   0x00000080   Code   RO          719    i.canTransmit       comm_can_sent_bldc.o
    0x0800541c   0x0800541c   0x00000014   Code   RO         7698    i.clear             cmd.o
    0x08005430   0x08005430   0x0000000e   Code   RO         7808    i.cmd_free          msh.o
    0x0800543e   0x0800543e   0x0000000e   Code   RO         7809    i.cmd_ps            msh.o
    0x0800544c   0x0800544c   0x00000038   Code   RO          728    i.comm_can_set_rpm  comm_can_sent_bldc.o
    0x08005484   0x08005484   0x00000048   Code   RO          729    i.comm_can_transmit_eid  comm_can_sent_bldc.o
    0x080054cc   0x080054cc   0x00000074   Code   RO         7881    i.finsh_get_prompt  shell.o
    0x08005540   0x08005540   0x00000008   Code   RO         7883    i.finsh_getchar     shell.o
    0x08005548   0x08005548   0x00000048   Code   RO         7886    i.finsh_set_prompt_mode  shell.o
    0x08005590   0x08005590   0x00000014   Code   RO         7887    i.finsh_system_function_init  shell.o
    0x080055a4   0x080055a4   0x0000009c   Code   RO         7888    i.finsh_system_init  shell.o
    0x08005640   0x08005640   0x000004ec   Code   RO         7890    i.finsh_thread_entry  shell.o
    0x08005b2c   0x08005b2c   0x0000001c   Code   RO          536    i.fputc             driver_usart.o
    0x08005b48   0x08005b48   0x0000008c   Code   RO         8464    i.frexp             m_wm.l(frexp.o)
    0x08005bd4   0x08005bd4   0x00000008   Code   RO          872    i.get_H_8           motor.o
    0x08005bdc   0x08005bdc   0x00000006   Code   RO          873    i.get_L_8           motor.o
    0x08005be2   0x08005be2   0x00000002   PAD
    0x08005be4   0x08005be4   0x00000080   Code   RO         7981    i.hard_fault_track  cpuport.o
    0x08005c64   0x08005c64   0x00000020   Code   RO         7699    i.hello             cmd.o
    0x08005c84   0x08005c84   0x000000ac   Code   RO         1295    i.jy61_init         jy61.o
    0x08005d30   0x08005d30   0x00000068   Code   RO         7700    i.list              cmd.o
    0x08005d98   0x08005d98   0x00000144   Code   RO         7701    i.list_event        cmd.o
    0x08005edc   0x08005edc   0x0000002a   Code   RO         7702    i.list_find_init    cmd.o
    0x08005f06   0x08005f06   0x00000088   Code   RO         7703    i.list_get_next     cmd.o
    0x08005f8e   0x08005f8e   0x00000002   PAD
    0x08005f90   0x08005f90   0x0000015c   Code   RO         7704    i.list_mailbox      cmd.o
    0x080060ec   0x080060ec   0x00000078   Code   RO         7116    i.list_mem          mem.o
    0x08006164   0x08006164   0x00000144   Code   RO         7705    i.list_msgqueue     cmd.o
    0x080062a8   0x080062a8   0x0000010c   Code   RO         7706    i.list_mutex        cmd.o
    0x080063b4   0x080063b4   0x00000138   Code   RO         7707    i.list_sem          cmd.o
    0x080064ec   0x080064ec   0x000001e4   Code   RO         7708    i.list_thread       cmd.o
    0x080066d0   0x080066d0   0x00000160   Code   RO         7709    i.list_timer        cmd.o
    0x08006830   0x08006830   0x000000d8   Code   RO            4    i.main              main.o
    0x08006908   0x08006908   0x0000000e   Code   RO         6470    i.main_thread_entry  components.o
    0x08006916   0x08006916   0x00000002   PAD
    0x08006918   0x08006918   0x000000e8   Code   RO         7982    i.mem_manage_fault_track  cpuport.o
    0x08006a00   0x08006a00   0x000000a0   Code   RO         7810    i.msh_auto_complete  msh.o
    0x08006aa0   0x08006aa0   0x0000006c   Code   RO         7811    i.msh_exec          msh.o
    0x08006b0c   0x08006b0c   0x0000005c   Code   RO         7812    i.msh_get_cmd       msh.o
    0x08006b68   0x08006b68   0x00000080   Code   RO         7813    i.msh_help          msh.o
    0x08006be8   0x08006be8   0x00000004   Code   RO         7814    i.msh_is_used       msh.o
    0x08006bec   0x08006bec   0x000000f0   Code   RO         7815    i.msh_split         msh.o
    0x08006cdc   0x08006cdc   0x0000001c   Code   RO         7710    i.object_split      cmd.o
    0x08006cf8   0x08006cf8   0x00000194   Code   RO          874    i.pass_zero         motor.o
    0x08006e8c   0x08006e8c   0x0000010c   Code   RO         7117    i.plug_holes        mem.o
    0x08006f98   0x08006f98   0x00000198   Code   RO         6926    i.print_number      kservice.o
    0x08007130   0x08007130   0x0000005c   Code   RO            5    i.printf_text       main.o
    0x0800718c   0x0800718c   0x00000010   Code   RO         1386    i.remote_control_init  driver_dbus.o
    0x0800719c   0x0800719c   0x00000028   Code   RO          351    i.return_float      board.o
    0x080071c4   0x080071c4   0x0000000c   Code   RO          352    i.return_int        board.o
    0x080071d0   0x080071d0   0x00000050   Code   RO         6471    i.rt_application_init  components.o
    0x08007220   0x08007220   0x00000074   Code   RO         6927    i.rt_assert_handler  kservice.o
    0x08007294   0x08007294   0x00000022   Code   RO         7118    i.rt_calloc         mem.o
    0x080072b6   0x080072b6   0x00000002   PAD
    0x080072b8   0x080072b8   0x0000001c   Code   RO         6472    i.rt_components_board_init  components.o
    0x080072d4   0x080072d4   0x0000001c   Code   RO         6473    i.rt_components_init  components.o
    0x080072f0   0x080072f0   0x00000020   Code   RO         7324    i.rt_enter_critical  scheduler.o
    0x08007310   0x08007310   0x00000044   Code   RO         7325    i.rt_exit_critical  scheduler.o
    0x08007354   0x08007354   0x00000208   Code   RO         7119    i.rt_free           mem.o
    0x0800755c   0x0800755c   0x00000050   Code   RO          353    i.rt_hw_board_init  board.o
    0x080075ac   0x080075ac   0x0000002c   Code   RO          354    i.rt_hw_console_getchar  board.o
    0x080075d8   0x080075d8   0x00000060   Code   RO          355    i.rt_hw_console_output  board.o
    0x08007638   0x08007638   0x0000022c   Code   RO         7986    i.rt_hw_hard_fault_exception  cpuport.o
    0x08007864   0x08007864   0x00000050   Code   RO         7987    i.rt_hw_stack_init  cpuport.o
    0x080078b4   0x080078b4   0x00000038   Code   RO         6885    i.rt_interrupt_enter  irq.o
    0x080078ec   0x080078ec   0x0000001c   Code   RO         6887    i.rt_interrupt_get_nest  irq.o
    0x08007908   0x08007908   0x00000038   Code   RO         6888    i.rt_interrupt_leave  irq.o
    0x08007940   0x08007940   0x00000018   Code   RO         6600    i.rt_ipc_list_resume  ipc.o
    0x08007958   0x08007958   0x0000006e   Code   RO         6602    i.rt_ipc_list_suspend  ipc.o
    0x080079c6   0x080079c6   0x00000010   Code   RO         6603    i.rt_ipc_object_init  ipc.o
    0x080079d6   0x080079d6   0x00000002   PAD
    0x080079d8   0x080079d8   0x00000030   Code   RO         6932    i.rt_kprintf        kservice.o
    0x08007a08   0x08007a08   0x00000006   Code   RO         6604    i.rt_list_init      ipc.o
    0x08007a0e   0x08007a0e   0x00000006   Code   RO         7326    i.rt_list_init      scheduler.o
    0x08007a14   0x08007a14   0x00000006   Code   RO         7567    i.rt_list_init      timer.o
    0x08007a1a   0x08007a1a   0x0000000e   Code   RO         7208    i.rt_list_insert_after  object.o
    0x08007a28   0x08007a28   0x0000000e   Code   RO         7413    i.rt_list_insert_after  thread.o
    0x08007a36   0x08007a36   0x0000000e   Code   RO         7568    i.rt_list_insert_after  timer.o
    0x08007a44   0x08007a44   0x0000000e   Code   RO         6605    i.rt_list_insert_before  ipc.o
    0x08007a52   0x08007a52   0x00000010   Code   RO         6606    i.rt_list_isempty   ipc.o
    0x08007a62   0x08007a62   0x00000010   Code   RO         7569    i.rt_list_isempty   timer.o
    0x08007a72   0x08007a72   0x00000010   Code   RO         7711    i.rt_list_isempty   cmd.o
    0x08007a82   0x08007a82   0x00000014   Code   RO         7712    i.rt_list_len       cmd.o
    0x08007a96   0x08007a96   0x00000012   Code   RO         7209    i.rt_list_remove    object.o
    0x08007aa8   0x08007aa8   0x00000012   Code   RO         7414    i.rt_list_remove    thread.o
    0x08007aba   0x08007aba   0x00000012   Code   RO         7570    i.rt_list_remove    timer.o
    0x08007acc   0x08007acc   0x000002bc   Code   RO         7121    i.rt_malloc         mem.o
    0x08007d88   0x08007d88   0x00000042   Code   RO         6937    i.rt_memmove        kservice.o
    0x08007dca   0x08007dca   0x00000048   Code   RO         6938    i.rt_memset         kservice.o
    0x08007e12   0x08007e12   0x00000002   PAD
    0x08007e14   0x08007e14   0x000000ec   Code   RO         7210    i.rt_object_allocate  object.o
    0x08007f00   0x08007f00   0x000000a0   Code   RO         7212    i.rt_object_delete  object.o
    0x08007fa0   0x08007fa0   0x0000005c   Code   RO         7213    i.rt_object_detach  object.o
    0x08007ffc   0x08007ffc   0x00000028   Code   RO         7216    i.rt_object_get_information  object.o
    0x08008024   0x08008024   0x00000034   Code   RO         7219    i.rt_object_get_type  object.o
    0x08008058   0x08008058   0x000000bc   Code   RO         7220    i.rt_object_init    object.o
    0x08008114   0x08008114   0x0000003c   Code   RO         7221    i.rt_object_is_systemobject  object.o
    0x08008150   0x08008150   0x0000006c   Code   RO          356    i.rt_ringbuffer_data_len  board.o
    0x080081bc   0x080081bc   0x00000078   Code   RO          357    i.rt_ringbuffer_getchar  board.o
    0x08008234   0x08008234   0x00000070   Code   RO          358    i.rt_ringbuffer_init  board.o
    0x080082a4   0x080082a4   0x0000007c   Code   RO          359    i.rt_ringbuffer_putchar  board.o
    0x08008320   0x08008320   0x00000144   Code   RO         7327    i.rt_schedule       scheduler.o
    0x08008464   0x08008464   0x0000009c   Code   RO         7328    i.rt_schedule_insert_thread  scheduler.o
    0x08008500   0x08008500   0x00000080   Code   RO         7329    i.rt_schedule_remove_thread  scheduler.o
    0x08008580   0x08008580   0x0000006c   Code   RO         6636    i.rt_sem_init       ipc.o
    0x080085ec   0x080085ec   0x000000a8   Code   RO         6637    i.rt_sem_release    ipc.o
    0x08008694   0x08008694   0x000001a4   Code   RO         6638    i.rt_sem_take       ipc.o
    0x08008838   0x08008838   0x000000b0   Code   RO         6940    i.rt_show_version   kservice.o
    0x080088e8   0x080088e8   0x00000022   Code   RO         6942    i.rt_sprintf        kservice.o
    0x0800890a   0x0800890a   0x00000012   Code   RO         6946    i.rt_strlen         kservice.o
    0x0800891c   0x0800891c   0x00000034   Code   RO         6948    i.rt_strncpy        kservice.o
    0x08008950   0x08008950   0x00000154   Code   RO         7125    i.rt_system_heap_init  mem.o
    0x08008aa4   0x08008aa4   0x00000040   Code   RO         7331    i.rt_system_scheduler_init  scheduler.o
    0x08008ae4   0x08008ae4   0x00000028   Code   RO         7332    i.rt_system_scheduler_start  scheduler.o
    0x08008b0c   0x08008b0c   0x0000001c   Code   RO         7571    i.rt_system_timer_init  timer.o
    0x08008b28   0x08008b28   0x00000002   Code   RO         7572    i.rt_system_timer_thread_init  timer.o
    0x08008b2a   0x08008b2a   0x00000050   Code   RO         7416    i.rt_thread_create  thread.o
    0x08008b7a   0x08008b7a   0x00000002   PAD
    0x08008b7c   0x08008b7c   0x00000054   Code   RO         7421    i.rt_thread_exit    thread.o
    0x08008bd0   0x08008bd0   0x00000028   Code   RO         6545    i.rt_thread_idle_entry  idle.o
    0x08008bf8   0x08008bf8   0x000000b8   Code   RO         6546    i.rt_thread_idle_excute  idle.o
    0x08008cb0   0x08008cb0   0x00000060   Code   RO         6548    i.rt_thread_idle_init  idle.o
    0x08008d10   0x08008d10   0x00000080   Code   RO         7423    i.rt_thread_init    thread.o
    0x08008d90   0x08008d90   0x00000014   Code   RO         7425    i.rt_thread_mdelay  thread.o
    0x08008da4   0x08008da4   0x0000009c   Code   RO         7426    i.rt_thread_resume  thread.o
    0x08008e40   0x08008e40   0x0000000c   Code   RO         7428    i.rt_thread_self    thread.o
    0x08008e4c   0x08008e4c   0x00000080   Code   RO         7429    i.rt_thread_sleep   thread.o
    0x08008ecc   0x08008ecc   0x000000c4   Code   RO         7430    i.rt_thread_startup  thread.o
    0x08008f90   0x08008f90   0x000000dc   Code   RO         7431    i.rt_thread_suspend  thread.o
    0x0800906c   0x0800906c   0x000000b4   Code   RO         7433    i.rt_thread_timeout  thread.o
    0x08009120   0x08009120   0x00000038   Code   RO         6428    i.rt_tick_from_millisecond  clock.o
    0x08009158   0x08009158   0x0000000c   Code   RO         6429    i.rt_tick_get       clock.o
    0x08009164   0x08009164   0x0000003c   Code   RO         6431    i.rt_tick_increase  clock.o
    0x080091a0   0x080091a0   0x000000e0   Code   RO         7573    i.rt_timer_check    timer.o
    0x08009280   0x08009280   0x000000dc   Code   RO         7574    i.rt_timer_control  timer.o
    0x0800935c   0x0800935c   0x000000dc   Code   RO         7577    i.rt_timer_detach   timer.o
    0x08009438   0x08009438   0x00000054   Code   RO         7580    i.rt_timer_init     timer.o
    0x0800948c   0x0800948c   0x000001b4   Code   RO         7583    i.rt_timer_start    timer.o
    0x08009640   0x08009640   0x000000c0   Code   RO         7584    i.rt_timer_stop     timer.o
    0x08009700   0x08009700   0x00000330   Code   RO         6951    i.rt_vsnprintf      kservice.o
    0x08009a30   0x08009a30   0x00000016   Code   RO         6952    i.rt_vsprintf       kservice.o
    0x08009a46   0x08009a46   0x00000004   Code   RO         6474    i.rti_board_end     components.o
    0x08009a4a   0x08009a4a   0x00000004   Code   RO         6475    i.rti_board_start   components.o
    0x08009a4e   0x08009a4e   0x00000004   Code   RO         6476    i.rti_end           components.o
    0x08009a52   0x08009a52   0x00000004   Code   RO         6477    i.rti_start         components.o
    0x08009a56   0x08009a56   0x0000002a   Code   RO         6478    i.rtthread_startup  components.o
    0x08009a80   0x08009a80   0x00000038   Code   RO         7891    i.shell_auto_complete  shell.o
    0x08009ab8   0x08009ab8   0x00000030   Code   RO         7892    i.shell_handle_history  shell.o
    0x08009ae8   0x08009ae8   0x000000d8   Code   RO         7893    i.shell_push_history  shell.o
    0x08009bc0   0x08009bc0   0x00000030   Code   RO         7713    i.show_wait_queue   cmd.o
    0x08009bf0   0x08009bf0   0x00000026   Code   RO         6953    i.skip_atoi         kservice.o
    0x08009c16   0x08009c16   0x00000020   Code   RO         7816    i.str_common        msh.o
    0x08009c36   0x08009c36   0x00000002   PAD
    0x08009c38   0x08009c38   0x00000080   Code   RO         1487    i.thread_entry1     app_thread.o
    0x08009cb8   0x08009cb8   0x000001d0   Code   RO         1488    i.thread_entry2     app_thread.o
    0x08009e88   0x08009e88   0x000000bc   Code   RO         1489    i.thread_entry3     app_thread.o
    0x08009f44   0x08009f44   0x000001c0   Code   RO         1490    i.timeout1          app_thread.o
    0x0800a104   0x0800a104   0x000000e8   Code   RO         7988    i.usage_fault_track  cpuport.o
    0x0800a1ec   0x0800a1ec   0x0000000a   Code   RO         7714    i.version           cmd.o
    0x0800a1f6   0x0800a1f6   0x00000002   PAD
    0x0800a1f8   0x0800a1f8   0x0000002c   Code   RO         8345    locale$$code        c_w.l(lc_numeric_c.o)
    0x0800a224   0x0800a224   0x0000002c   Code   RO         8362    locale$$code        c_w.l(lc_ctype_c.o)
    0x0800a250   0x0800a250   0x00000062   Code   RO         8194    x$fpl$d2f           fz_wm.l(d2f.o)
    0x0800a2b2   0x0800a2b2   0x00000002   PAD
    0x0800a2b4   0x0800a2b4   0x00000010   Code   RO         8553    x$fpl$dcheck1       fz_wm.l(dcheck1.o)
    0x0800a2c4   0x0800a2c4   0x00000018   Code   RO         8481    x$fpl$dcmpinf       fz_wm.l(dcmpi.o)
    0x0800a2dc   0x0800a2dc   0x000002b0   Code   RO         8197    x$fpl$ddiv          fz_wm.l(ddiv.o)
    0x0800a58c   0x0800a58c   0x00000078   Code   RO         8458    x$fpl$deqf          fz_wm.l(deqf.o)
    0x0800a604   0x0800a604   0x00000078   Code   RO         8483    x$fpl$dleqf         fz_wm.l(dleqf.o)
    0x0800a67c   0x0800a67c   0x00000154   Code   RO         8210    x$fpl$dmul          fz_wm.l(dmul.o)
    0x0800a7d0   0x0800a7d0   0x0000009c   Code   RO         8253    x$fpl$dnaninf       fz_wm.l(dnaninf.o)
    0x0800a86c   0x0800a86c   0x0000000c   Code   RO         8255    x$fpl$dretinf       fz_wm.l(dretinf.o)
    0x0800a878   0x0800a878   0x0000006c   Code   RO         8460    x$fpl$drleqf        fz_wm.l(drleqf.o)
    0x0800a8e4   0x0800a8e4   0x00000056   Code   RO         8212    x$fpl$f2d           fz_wm.l(f2d.o)
    0x0800a93a   0x0800a93a   0x0000008c   Code   RO         8257    x$fpl$fnaninf       fz_wm.l(fnaninf.o)
    0x0800a9c6   0x0800a9c6   0x0000000a   Code   RO         8427    x$fpl$fpinit        fz_wm.l(fpinit.o)
    0x0800a9d0   0x0800a9d0   0x0000000a   Code   RO         8259    x$fpl$fretinf       fz_wm.l(fretinf.o)
    0x0800a9da   0x0800a9da   0x00000006   Code   RO         8347    x$fpl$ieeestatus    fz_wm.l(istatus.o)
    0x0800a9e0   0x0800a9e0   0x00000004   Code   RO         8214    x$fpl$printf1       fz_wm.l(printf1.o)
    0x0800a9e4   0x0800a9e4   0x00000064   Code   RO         8559    x$fpl$retnan        fz_wm.l(retnan.o)
    0x0800aa48   0x0800aa48   0x0000005c   Code   RO         8526    x$fpl$scalbn        fz_wm.l(scalbn.o)
    0x0800aaa4   0x0800aaa4   0x00000004   Code   RO         8349    x$fpl$scanf1        fz_wm.l(scanf1.o)
    0x0800aaa8   0x0800aaa8   0x00000008   Code   RO         8429    x$fpl$scanf2        fz_wm.l(scanf2.o)
    0x0800aab0   0x0800aab0   0x00000030   Code   RO         8577    x$fpl$trapveneer    fz_wm.l(trapv.o)
    0x0800aae0   0x0800aae0   0x00000000   Code   RO         8261    x$fpl$usenofp       fz_wm.l(usenofp.o)
    0x0800aae0   0x0800aae0   0x0000003f   Data   RO          361    .constdata          board.o
    0x0800ab1f   0x0800ab1f   0x00000014   Data   RO         6479    .constdata          components.o
    0x0800ab33   0x0800ab33   0x00000016   Data   RO         6551    .constdata          idle.o
    0x0800ab49   0x0800ab49   0x00000209   Data   RO         6640    .constdata          ipc.o
    0x0800ad52   0x0800ad52   0x00000122   Data   RO         6955    .constdata          kservice.o
    0x0800ae74   0x0800ae74   0x0000003c   Data   RO         7127    .constdata          mem.o
    0x0800aeb0   0x0800aeb0   0x00000080   Data   RO         7225    .constdata          object.o
    0x0800af30   0x0800af30   0x0000004e   Data   RO         7334    .constdata          scheduler.o
    0x0800af7e   0x0800af7e   0x000000c0   Data   RO         7435    .constdata          thread.o
    0x0800b03e   0x0800b03e   0x0000005c   Data   RO         7585    .constdata          timer.o
    0x0800b09a   0x0800b09a   0x0000000e   Data   RO         7817    .constdata          msh.o
    0x0800b0a8   0x0800b0a8   0x0000004a   Data   RO         7895    .constdata          shell.o
    0x0800b0f2   0x0800b0f2   0x00000002   PAD
    0x0800b0f4   0x0800b0f4   0x00000410   Data   RO         8047    .constdata          arm_cortexM4lf_math.lib(arm_cos_f32.o)
    0x0800b504   0x0800b504   0x0000040c   Data   RO         8094    .constdata          arm_cortexM4lf_math.lib(arm_sin_f32.o)
    0x0800b910   0x0800b910   0x00000028   Data   RO         8127    .constdata          c_w.l(_printf_hex_int.o)
    0x0800b938   0x0800b938   0x00000094   Data   RO         8316    .constdata          c_w.l(bigflt0.o)
    0x0800b9cc   0x0800b9cc   0x00000045   Data   RO         6641    .conststring        ipc.o
    0x0800ba11   0x0800ba11   0x00000003   PAD
    0x0800ba14   0x0800ba14   0x000000eb   Data   RO         7128    .conststring        mem.o
    0x0800baff   0x0800baff   0x00000001   PAD
    0x0800bb00   0x0800bb00   0x00000042   Data   RO         7436    .conststring        thread.o
    0x0800bb42   0x0800bb42   0x00000002   PAD
    0x0800bb44   0x0800bb44   0x00000044   Data   RO         7715    .conststring        cmd.o
    0x0800bb88   0x0800bb88   0x00000036   Data   RO            8    .rodata.name        main.o
    0x0800bbbe   0x0800bbbe   0x00000027   Data   RO         7130    .rodata.name        mem.o
    0x0800bbe5   0x0800bbe5   0x000002d5   Data   RO         7716    .rodata.name        cmd.o
    0x0800beba   0x0800beba   0x00000076   Data   RO         7818    .rodata.name        msh.o
    0x0800bf30   0x0800bf30   0x00000004   Data   RO         6480    .rti_fn.0           components.o
    0x0800bf34   0x0800bf34   0x00000004   Data   RO         6481    .rti_fn.0.end       components.o
    0x0800bf38   0x0800bf38   0x00000004   Data   RO         6482    .rti_fn.1.end       components.o
    0x0800bf3c   0x0800bf3c   0x00000004   Data   RO         7897    .rti_fn.6           shell.o
    0x0800bf40   0x0800bf40   0x00000004   Data   RO         6483    .rti_fn.6.end       components.o
    0x0800bf44   0x0800bf44   0x0000000c   Data   RO            9    FSymTab             main.o
    0x0800bf50   0x0800bf50   0x0000000c   Data   RO         7131    FSymTab             mem.o
    0x0800bf5c   0x0800bf5c   0x000000f0   Data   RO         7717    FSymTab             cmd.o
    0x0800c04c   0x0800c04c   0x00000024   Data   RO         7819    FSymTab             msh.o
    0x0800c070   0x0800c070   0x00000020   Data   RO         8579    Region$$Table       anon$$obj.o
    0x0800c090   0x0800c090   0x00000008   Data   RO         8423    c$$dinf             fz_wm.l(fpconst.o)
    0x0800c098   0x0800c098   0x00000008   Data   RO         8426    c$$dmax             fz_wm.l(fpconst.o)
    0x0800c0a0   0x0800c0a0   0x0000001c   Data   RO         8344    locale$$data        c_w.l(lc_numeric_c.o)
    0x0800c0bc   0x0800c0bc   0x00000110   Data   RO         8361    locale$$data        c_w.l(lc_ctype_c.o)


    Execution Region RW_IRAM1 (Exec base: 0x20000000, Load base: 0x0800c1cc, Size: 0x000012b8, Max: 0x00020000, ABSOLUTE, COMPRESSED[0x00000070])

    Exec Addr    Load Addr    Size         Type   Attr      Idx    E Section Name        Object

    0x20000000   COMPRESSED   0x00000004   Data   RW            7    .data               main.o
    0x20000004   COMPRESSED   0x00000004   Data   RW          537    .data               driver_usart.o
    0x20000008   COMPRESSED   0x00000011   Data   RW          876    .data               motor.o
    0x20000019   COMPRESSED   0x00000001   PAD
    0x2000001a   COMPRESSED   0x00000032   Data   RW         1298    .data               jy61.o
    0x2000004c   COMPRESSED   0x00000005   Data   RW         1436    .data               motor_turn.o
    0x20000051   COMPRESSED   0x00000003   PAD
    0x20000054   COMPRESSED   0x00000008   Data   RW         1491    .data               app_thread.o
    0x2000005c   COMPRESSED   0x00000020   Data   RW         1538    .data               control.o
    0x2000007c   COMPRESSED   0x00000014   Data   RW         1577    .data               system_stm32f4xx.o
    0x20000090   COMPRESSED   0x00000010   Data   RW         4301    .data               stm32f4xx_rcc.o
    0x200000a0   COMPRESSED   0x00000004   Data   RW         6433    .data               clock.o
    0x200000a4   COMPRESSED   0x00000009   Data   RW         6890    .data               irq.o
    0x200000ad   COMPRESSED   0x00000003   PAD
    0x200000b0   COMPRESSED   0x00000008   Data   RW         6956    .data               kservice.o
    0x200000b8   COMPRESSED   0x00000020   Data   RW         7129    .data               mem.o
    0x200000d8   COMPRESSED   0x00000084   Data   RW         7226    .data               object.o
    0x2000015c   COMPRESSED   0x0000001c   Data   RW         7335    .data               scheduler.o
    0x20000178   COMPRESSED   0x0000000c   Data   RW         7437    .data               thread.o
    0x20000184   COMPRESSED   0x00000014   Data   RW         7586    .data               timer.o
    0x20000198   COMPRESSED   0x00000018   Data   RW         7896    .data               shell.o
    0x200001b0   COMPRESSED   0x00000010   Data   RW         7990    .data               cpuport.o
    0x200001c0        -       0x000000b0   Zero   RW            6    .bss                main.o
    0x20000270        -       0x0000003c   Zero   RW          360    .bss                board.o
    0x200002ac        -       0x00000110   Zero   RW          732    .bss                comm_can_sent_bldc.o
    0x200003bc        -       0x00000378   Zero   RW          875    .bss                motor.o
    0x20000734        -       0x000000fa   Zero   RW         1297    .bss                jy61.o
    0x2000082e        -       0x0000005e   Zero   RW         1387    .bss                driver_dbus.o
    0x2000088c        -       0x00000018   Zero   RW         1435    .bss                motor_turn.o
    0x200008a4        -       0x00000190   Zero   RW         6550    .bss                idle.o
    0x20000a34        -       0x00000080   Zero   RW         6954    .bss                kservice.o
    0x20000ab4        -       0x00000020   Zero   RW         7126    .bss                mem.o
    0x20000ad4        -       0x00000100   Zero   RW         7333    .bss                scheduler.o
    0x20000bd4        -       0x00000081   Zero   RW         7894    .bss                shell.o
    0x20000c55   COMPRESSED   0x00000003   PAD
    0x20000c58        -       0x00000060   Zero   RW         8279    .bss                c_w.l(libspace.o)
    0x20000cb8        -       0x00000200   Zero   RW         1565    HEAP                startup_stm32f40_41xxx.o
    0x20000eb8        -       0x00000400   Zero   RW         1564    STACK               startup_stm32f40_41xxx.o


==============================================================================

Image component sizes


      Code (inc. data)   RO Data    RW Data    ZI Data      Debug   Object Name

      1228        124          0          8          0       2663   app_thread.o
      1140        150         63          0         60      14955   board.o
        52          0          0          0          0        490   bsp_all.o
       128         12          0          4          0       1844   clock.o
      2868        992       1033          0          0      20151   cmd.o
      1146         44          0          0        272       8081   comm_can_sent_bldc.o
       218         50         36          0          0       6152   components.o
       308         28          0          0          0        808   context_rvds.o
         0          0          0         32          0        718   control.o
      1480        738          0         16          0       6274   cpuport.o
       618         48          0          0         94       5032   driver_dbus.o
        32          4          0          4          0       2770   driver_usart.o
       320         78         22          0        400       5506   idle.o
       882        202        590          0          0      34863   ipc.o
       140         26          0          9          0       2306   irq.o
       500         60          0         50        250       3935   jy61.o
      1942        224        290          8        128      11955   kservice.o
        56          6          0          0          0        519   led.o
       308         80         66          4        176     292382   main.o
      1982        750        346         32         32       7040   mem.o
       140         24          0          0          0       1459   misc.o
      2186         96          0         17        888     254645   motor.o
       684         50          0          5         24      16105   motor_turn.o
       944        180        168          0          0       9308   msh.o
       860        284        128        132          0      10726   object.o
       486         26          0          0          0       3151   pid.o
      1054        250         78         28        256      10334   scheduler.o
      1952        196         78         24        129      13042   shell.o
        64         26        392          0       1536        840   startup_stm32f40_41xxx.o
      1252         28          0          0          0       4985   stm32f4xx_can.o
       530         40          0          0          0       4706   stm32f4xx_dma.o
       214          0          0          0          0       1695   stm32f4xx_gpio.o
        18          0          0          0          0       2735   stm32f4xx_it.o
       392         48          0         16          0       5597   stm32f4xx_rcc.o
       714         42          0          0          0       7057   stm32f4xx_usart.o
       532         54          0         20          0       2397   system_stm32f4xx.o
      1472        410        258         12          0      16038   thread.o
      1554        490         92         20          0      18891   timer.o

    ----------------------------------------------------------------------
     30432       5860       3680        448       4248     812155   Object Totals
         0          0         32          0          0          0   (incl. Generated)
        36          0          8          7          3          0   (incl. Padding)

    ----------------------------------------------------------------------

      Code (inc. data)   RO Data    RW Data    ZI Data      Debug   Library Member Name

       216         22       1040          0          0      16570   arm_cos_f32.o
       216         22       1036          0          0       1382   arm_sin_f32.o
        90          0          0          0          0          0   __dczerorl2.o
         8          0          0          0          0         68   __main.o
       104          0          0          0          0         84   __printf.o
        14          0          0          0          0         68   __printf_wp.o
         0          0          0          0          0          0   __rtentry.o
        12          0          0          0          0          0   __rtentry2.o
         6          0          0          0          0          0   __rtentry4.o
        52          8          0          0          0          0   __scatter.o
        28          0          0          0          0          0   __scatter_zi.o
        28          0          0          0          0         68   _chval.o
        48          6          0          0          0         96   _printf_char_common.o
        36          4          0          0          0         80   _printf_char_file.o
         6          0          0          0          0          0   _printf_d.o
       120         16          0          0          0         92   _printf_dec.o
         6          0          0          0          0          0   _printf_f.o
      1054          0          0          0          0        216   _printf_fp_dec.o
       128         16          0          0          0         84   _printf_fp_infnan.o
        88          4         40          0          0         88   _printf_hex_int.o
       178          0          0          0          0         88   _printf_intcommon.o
         0          0          0          0          0          0   _printf_percent.o
         4          0          0          0          0          0   _printf_percent_end.o
         6          0          0          0          0          0   _printf_x.o
        22          0          0          0          0        100   _rserrno.o
        64          0          0          0          0         84   _sgetc.o
       158          0          0          0          0         92   _strtoul.o
        26          0          0          0          0         80   atoi.o
       228          4        148          0          0         96   bigflt0.o
      2152        136          0          0          0        960   btod.o
        18          0          0          0          0         80   exit.o
         8          0          0          0          0         68   ferror.o
         6          0          0          0          0        152   heapauxi.o
        18          0          0          0          0         76   isspace.o
        44         10        272          0          0         76   lc_ctype_c.o
        44         10         28          0          0         76   lc_numeric_c.o
         2          0          0          0          0          0   libinit.o
        34          0          0          0          0          0   libinit2.o
         2          0          0          0          0          0   libshutdown.o
         2          0          0          0          0          0   libshutdown2.o
         8          4          0          0         96         68   libspace.o
        38          0          0          0          0         68   llshl.o
       138          0          0          0          0         80   lludiv10.o
        88          0          0          0          0         76   memcmp.o
        24          4          0          0          0         84   noretval__2printf.o
        16          4          0          0          0         76   rt_ctype_table.o
         8          4          0          0          0         68   rt_errno_addr_intlibspace.o
         8          4          0          0          0         68   rt_locale_intlibspace.o
        68          0          0          0          0         68   rt_memclr.o
        78          0          0          0          0         80   rt_memclr_w.o
       138          0          0          0          0         68   rt_memcpy_v6.o
       100          0          0          0          0         80   rt_memcpy_w.o
         2          0          0          0          0          0   rtexit.o
        10          0          0          0          0          0   rtexit2.o
      1272         16          0          0          0        168   scanf_fp.o
       800         14          0          0          0        100   scanf_hexfp.o
       308         16          0          0          0        100   scanf_infnan.o
        24          0          0          0          0         68   strcat.o
       128          0          0          0          0         68   strcmpv7m.o
        72          0          0          0          0         80   strcpy.o
        62          0          0          0          0         76   strlen.o
       150          0          0          0          0         80   strncmp.o
        86          0          0          0          0         76   strncpy.o
       164         14          0          0          0        120   strtod.o
       112          0          0          0          0         88   strtol.o
        74          0          0          0          0         80   sys_stackheap_outer.o
        98          4          0          0          0        140   d2f.o
        16          4          0          0          0        116   dcheck1.o
        24          0          0          0          0        116   dcmpi.o
       688        140          0          0          0        256   ddiv.o
       120          4          0          0          0        140   deqf.o
       120          4          0          0          0        140   dleqf.o
       340         12          0          0          0        152   dmul.o
       156          4          0          0          0        140   dnaninf.o
        12          0          0          0          0        116   dretinf.o
       108          0          0          0          0        128   drleqf.o
        86          4          0          0          0        132   f2d.o
       140          4          0          0          0        132   fnaninf.o
         0          0         16          0          0          0   fpconst.o
        10          0          0          0          0        116   fpinit.o
        10          0          0          0          0        116   fretinf.o
         6          0          0          0          0        116   istatus.o
         4          0          0          0          0        116   printf1.o
       100          0          0          0          0        116   retnan.o
        92          0          0          0          0        116   scalbn.o
         4          0          0          0          0        116   scanf1.o
         8          0          0          0          0        132   scanf2.o
        48          0          0          0          0        116   trapv.o
         0          0          0          0          0          0   usenofp.o
       592         90          0          0          0        184   atan2f.o
        56         12          0          0          0        132   atof.o
        64         16          0          0          0        248   dunder.o
        48          0          0          0          0        124   fpclassify.o
        38          0          0          0          0        116   fpclassifyf.o
       140         22          0          0          0        132   frexp.o
        22          6          0          0          0        232   funder.o
       228          8          0          0          0        308   ldexp.o
       266         16          0          0          0        308   narrow.o

    ----------------------------------------------------------------------
     12920        690       2580          0         96      27464   Library Totals
        24          2          0          0          0          0   (incl. Padding)

    ----------------------------------------------------------------------

      Code (inc. data)   RO Data    RW Data    ZI Data      Debug   Library Name

       432         44       2076          0          0      17952   arm_cortexM4lf_math.lib
      8820        294        488          0         96       4960   c_w.l
      2190        180         16          0          0       2768   fz_wm.l
      1454        170          0          0          0       1784   m_wm.l

    ----------------------------------------------------------------------
     12920        690       2580          0         96      27464   Library Totals

    ----------------------------------------------------------------------

==============================================================================


      Code (inc. data)   RO Data    RW Data    ZI Data      Debug   

     43352       6550       6260        448       4344     810811   Grand Totals
     43352       6550       6260        112       4344     810811   ELF Image Totals (compressed)
     43352       6550       6260        112          0          0   ROM Totals

==============================================================================

    Total RO  Size (Code + RO Data)                49612 (  48.45kB)
    Total RW  Size (RW Data + ZI Data)              4792 (   4.68kB)
    Total ROM Size (Code + RO Data + RW Data)      49724 (  48.56kB)

==============================================================================

